[0.343s] Invoking command in '/home/theo/pyclops/ros_ws/src/pyclops_controller': CONDA_PROMPT_MODIFIER=(base) DEBUGINFOD_URLS=https://debuginfod.ubuntu.com PYTHONPATH=/home/theo/pyclops/ros_ws/build/pyclops_controller/prefix_override:/usr/lib/python3/dist-packages/colcon_core/task/python/colcon_distutils_commands:/home/theo/pyclops/ros_ws/install/pyclops_controller/lib/python3.12/site-packages:${PYTHONPATH} /usr/bin/python3 -W ignore:setup.py install is deprecated -W ignore:easy_install command is deprecated setup.py egg_info --egg-base ../../build/pyclops_controller build --build-base /home/theo/pyclops/ros_ws/build/pyclops_controller/build install --record /home/theo/pyclops/ros_ws/build/pyclops_controller/install.log --single-version-externally-managed install_data
[0.429s] running egg_info
[0.434s] writing ../../build/pyclops_controller/pyclops_controller.egg-info/PKG-INFO
[0.434s] writing dependency_links to ../../build/pyclops_controller/pyclops_controller.egg-info/dependency_links.txt
[0.434s] writing entry points to ../../build/pyclops_controller/pyclops_controller.egg-info/entry_points.txt
[0.434s] writing requirements to ../../build/pyclops_controller/pyclops_controller.egg-info/requires.txt
[0.435s] writing top-level names to ../../build/pyclops_controller/pyclops_controller.egg-info/top_level.txt
[0.446s] reading manifest file '../../build/pyclops_controller/pyclops_controller.egg-info/SOURCES.txt'
[0.446s] writing manifest file '../../build/pyclops_controller/pyclops_controller.egg-info/SOURCES.txt'
[0.446s] running build
[0.448s] running build_py
[0.448s] running install
[0.449s] running install_lib
[0.454s] running install_data
[0.454s] running install_egg_info
[0.460s] removing '/home/theo/pyclops/ros_ws/install/pyclops_controller/lib/python3.12/site-packages/pyclops_controller-0.0.0-py3.12.egg-info' (and everything under it)
[0.461s] Copying ../../build/pyclops_controller/pyclops_controller.egg-info to /home/theo/pyclops/ros_ws/install/pyclops_controller/lib/python3.12/site-packages/pyclops_controller-0.0.0-py3.12.egg-info
[0.461s] running install_scripts
[0.503s] Installing drive_node script to /home/theo/pyclops/ros_ws/install/pyclops_controller/lib/pyclops_controller
[0.503s] Installing teleop_node script to /home/theo/pyclops/ros_ws/install/pyclops_controller/lib/pyclops_controller
[0.503s] writing list of installed files to '/home/theo/pyclops/ros_ws/build/pyclops_controller/install.log'
[0.515s] Invoked command in '/home/theo/pyclops/ros_ws/src/pyclops_controller' returned '0': CONDA_PROMPT_MODIFIER=(base) DEBUGINFOD_URLS=https://debuginfod.ubuntu.com PYTHONPATH=/home/theo/pyclops/ros_ws/build/pyclops_controller/prefix_override:/usr/lib/python3/dist-packages/colcon_core/task/python/colcon_distutils_commands:/home/theo/pyclops/ros_ws/install/pyclops_controller/lib/python3.12/site-packages:${PYTHONPATH} /usr/bin/python3 -W ignore:setup.py install is deprecated -W ignore:easy_install command is deprecated setup.py egg_info --egg-base ../../build/pyclops_controller build --build-base /home/theo/pyclops/ros_ws/build/pyclops_controller/build install --record /home/theo/pyclops/ros_ws/build/pyclops_controller/install.log --single-version-externally-managed install_data
