running develop
running egg_info
creating robot_description.egg-info
writing robot_description.egg-info/PKG-INFO
writing dependency_links to robot_description.egg-info/dependency_links.txt
writing requirements to robot_description.egg-info/requires.txt
writing top-level names to robot_description.egg-info/top_level.txt
writing manifest file 'robot_description.egg-info/SOURCES.txt'
reading manifest file 'robot_description.egg-info/SOURCES.txt'
writing manifest file 'robot_description.egg-info/SOURCES.txt'
running build_ext
Creating /home/theo/pyclops/ros_ws/src/install/robot_description/lib/python3.12/site-packages/robot-description.egg-link (link to .)

Installed /home/theo/pyclops/ros_ws/src/build/robot_description
running symlink_data
creating /home/theo/pyclops/ros_ws/src/install/robot_description/share/ament_index
creating /home/theo/pyclops/ros_ws/src/install/robot_description/share/ament_index/resource_index
creating /home/theo/pyclops/ros_ws/src/install/robot_description/share/ament_index/resource_index/packages
symbolically linking /home/theo/pyclops/ros_ws/src/build/robot_description/resource/robot_description -> /home/theo/pyclops/ros_ws/src/install/robot_description/share/ament_index/resource_index/packages
symbolically linking /home/theo/pyclops/ros_ws/src/build/robot_description/package.xml -> /home/theo/pyclops/ros_ws/src/install/robot_description/share/robot_description
creating /home/theo/pyclops/ros_ws/src/install/robot_description/share/robot_description/launch
creating /home/theo/pyclops/ros_ws/src/install/robot_description/share/robot_description/description
symbolically linking /home/theo/pyclops/ros_ws/src/build/robot_description/description/inertial_macros.xacro -> /home/theo/pyclops/ros_ws/src/install/robot_description/share/robot_description/description
symbolically linking /home/theo/pyclops/ros_ws/src/build/robot_description/description/robot.urdf.xacro -> /home/theo/pyclops/ros_ws/src/install/robot_description/share/robot_description/description
symbolically linking /home/theo/pyclops/ros_ws/src/build/robot_description/description/robot_core.xacro -> /home/theo/pyclops/ros_ws/src/install/robot_description/share/robot_description/description
symbolically linking /home/theo/pyclops/ros_ws/src/build/robot_description/description/gz_control.xacro -> /home/theo/pyclops/ros_ws/src/install/robot_description/share/robot_description/description
creating /home/theo/pyclops/ros_ws/src/install/robot_description/share/robot_description/assets
symbolically linking /home/theo/pyclops/ros_ws/src/build/robot_description/assets/body.stl -> /home/theo/pyclops/ros_ws/src/install/robot_description/share/robot_description/assets
symbolically linking /home/theo/pyclops/ros_ws/src/build/robot_description/assets/right_wheel.stl -> /home/theo/pyclops/ros_ws/src/install/robot_description/share/robot_description/assets
symbolically linking /home/theo/pyclops/ros_ws/src/build/robot_description/assets/left_wheel.stl -> /home/theo/pyclops/ros_ws/src/install/robot_description/share/robot_description/assets
