[0.364s] Invoking command in '/home/theo/pyclops/ros_ws/src/build/robot_description': CONDA_PROMPT_MODIFIER=(base) DEBUGINFOD_URLS=https://debuginfod.ubuntu.com PYTHONPATH=/home/theo/pyclops/ros_ws/src/build/robot_description/prefix_override:/usr/lib/python3/dist-packages/colcon_core/task/python/colcon_distutils_commands:/home/theo/pyclops/ros_ws/src/install/robot_description/lib/python3.12/site-packages:${PYTHONPATH} /usr/bin/python3 -W ignore:setup.py install is deprecated -W ignore:easy_install command is deprecated setup.py develop --editable --build-directory /home/theo/pyclops/ros_ws/src/build/robot_description/build --no-deps symlink_data
[0.475s] running develop
[0.537s] running egg_info
[0.537s] creating robot_description.egg-info
[0.543s] writing robot_description.egg-info/PKG-INFO
[0.543s] writing dependency_links to robot_description.egg-info/dependency_links.txt
[0.543s] writing requirements to robot_description.egg-info/requires.txt
[0.543s] writing top-level names to robot_description.egg-info/top_level.txt
[0.543s] writing manifest file 'robot_description.egg-info/SOURCES.txt'
[0.556s] reading manifest file 'robot_description.egg-info/SOURCES.txt'
[0.556s] writing manifest file 'robot_description.egg-info/SOURCES.txt'
[0.563s] running build_ext
[0.563s] Creating /home/theo/pyclops/ros_ws/src/install/robot_description/lib/python3.12/site-packages/robot-description.egg-link (link to .)
[0.563s] 
[0.563s] Installed /home/theo/pyclops/ros_ws/src/build/robot_description
[0.564s] running symlink_data
[0.564s] creating /home/theo/pyclops/ros_ws/src/install/robot_description/share/ament_index
[0.564s] creating /home/theo/pyclops/ros_ws/src/install/robot_description/share/ament_index/resource_index
[0.564s] creating /home/theo/pyclops/ros_ws/src/install/robot_description/share/ament_index/resource_index/packages
[0.564s] symbolically linking /home/theo/pyclops/ros_ws/src/build/robot_description/resource/robot_description -> /home/theo/pyclops/ros_ws/src/install/robot_description/share/ament_index/resource_index/packages
[0.564s] symbolically linking /home/theo/pyclops/ros_ws/src/build/robot_description/package.xml -> /home/theo/pyclops/ros_ws/src/install/robot_description/share/robot_description
[0.564s] creating /home/theo/pyclops/ros_ws/src/install/robot_description/share/robot_description/launch
[0.564s] creating /home/theo/pyclops/ros_ws/src/install/robot_description/share/robot_description/description
[0.564s] symbolically linking /home/theo/pyclops/ros_ws/src/build/robot_description/description/inertial_macros.xacro -> /home/theo/pyclops/ros_ws/src/install/robot_description/share/robot_description/description
[0.564s] symbolically linking /home/theo/pyclops/ros_ws/src/build/robot_description/description/robot.urdf.xacro -> /home/theo/pyclops/ros_ws/src/install/robot_description/share/robot_description/description
[0.564s] symbolically linking /home/theo/pyclops/ros_ws/src/build/robot_description/description/robot_core.xacro -> /home/theo/pyclops/ros_ws/src/install/robot_description/share/robot_description/description
[0.564s] symbolically linking /home/theo/pyclops/ros_ws/src/build/robot_description/description/gz_control.xacro -> /home/theo/pyclops/ros_ws/src/install/robot_description/share/robot_description/description
[0.564s] creating /home/theo/pyclops/ros_ws/src/install/robot_description/share/robot_description/assets
[0.564s] symbolically linking /home/theo/pyclops/ros_ws/src/build/robot_description/assets/body.stl -> /home/theo/pyclops/ros_ws/src/install/robot_description/share/robot_description/assets
[0.564s] symbolically linking /home/theo/pyclops/ros_ws/src/build/robot_description/assets/right_wheel.stl -> /home/theo/pyclops/ros_ws/src/install/robot_description/share/robot_description/assets
[0.564s] symbolically linking /home/theo/pyclops/ros_ws/src/build/robot_description/assets/left_wheel.stl -> /home/theo/pyclops/ros_ws/src/install/robot_description/share/robot_description/assets
[0.589s] Invoked command in '/home/theo/pyclops/ros_ws/src/build/robot_description' returned '0': CONDA_PROMPT_MODIFIER=(base) DEBUGINFOD_URLS=https://debuginfod.ubuntu.com PYTHONPATH=/home/theo/pyclops/ros_ws/src/build/robot_description/prefix_override:/usr/lib/python3/dist-packages/colcon_core/task/python/colcon_distutils_commands:/home/theo/pyclops/ros_ws/src/install/robot_description/lib/python3.12/site-packages:${PYTHONPATH} /usr/bin/python3 -W ignore:setup.py install is deprecated -W ignore:easy_install command is deprecated setup.py develop --editable --build-directory /home/theo/pyclops/ros_ws/src/build/robot_description/build --no-deps symlink_data
