[0.049s] DEBUG:colcon:Command line arguments: ['/usr/bin/colcon', 'build', '--symlink-install']
[0.049s] DEBUG:colcon:Parsed command line arguments: Namespace(log_base=None, log_level=None, verb_name='build', build_base='build', install_base='install', merge_install=False, symlink_install=True, test_result_base=None, continue_on_error=False, executor='parallel', parallel_workers=6, event_handlers=None, ignore_user_meta=False, metas=['./colcon.meta'], base_paths=['.'], packages_ignore=None, packages_ignore_regex=None, paths=None, packages_up_to=None, packages_up_to_regex=None, packages_above=None, packages_above_and_dependencies=None, packages_above_depth=None, packages_select_by_dep=None, packages_skip_by_dep=None, packages_skip_up_to=None, packages_select_build_failed=False, packages_skip_build_finished=False, packages_select_test_failures=False, packages_skip_test_passed=False, packages_select=None, packages_skip=None, packages_select_regex=None, packages_skip_regex=None, packages_start=None, packages_end=None, allow_overriding=[], cmake_args=None, cmake_target=None, cmake_target_skip_unavailable=False, cmake_clean_cache=False, cmake_clean_first=False, cmake_force_configure=False, ament_cmake_args=None, catkin_cmake_args=None, catkin_skip_building_tests=False, mixin_files=None, mixin=None, verb_parser=<colcon_mixin.mixin.mixin_argument.MixinArgumentDecorator object at 0xe665303fc9e0>, verb_extension=<colcon_core.verb.build.BuildVerb object at 0xe665303fc320>, main=<bound method BuildVerb.main of <colcon_core.verb.build.BuildVerb object at 0xe665303fc320>>, mixin_verb=('build',))
[0.064s] Level 1:colcon.colcon_core.package_discovery:discover_packages(colcon_meta) check parameters
[0.064s] Level 1:colcon.colcon_core.package_discovery:discover_packages(recursive) check parameters
[0.064s] Level 1:colcon.colcon_core.package_discovery:discover_packages(ignore) check parameters
[0.064s] Level 1:colcon.colcon_core.package_discovery:discover_packages(path) check parameters
[0.064s] Level 1:colcon.colcon_core.package_discovery:discover_packages(colcon_meta) discover
[0.064s] Level 1:colcon.colcon_core.package_discovery:discover_packages(recursive) discover
[0.064s] INFO:colcon.colcon_core.package_discovery:Crawling recursively for packages in '/home/theo/pyclops/ros_ws/src'
[0.064s] Level 1:colcon.colcon_core.package_identification:_identify(.) by extensions ['ignore', 'ignore_ament_install']
[0.065s] Level 1:colcon.colcon_core.package_identification:_identify(.) by extension 'ignore'
[0.065s] Level 1:colcon.colcon_core.package_identification:_identify(.) by extension 'ignore_ament_install'
[0.065s] Level 1:colcon.colcon_core.package_identification:_identify(.) by extensions ['colcon_pkg']
[0.065s] Level 1:colcon.colcon_core.package_identification:_identify(.) by extension 'colcon_pkg'
[0.065s] Level 1:colcon.colcon_core.package_identification:_identify(.) by extensions ['colcon_meta']
[0.065s] Level 1:colcon.colcon_core.package_identification:_identify(.) by extension 'colcon_meta'
[0.065s] Level 1:colcon.colcon_core.package_identification:_identify(.) by extensions ['ros']
[0.065s] Level 1:colcon.colcon_core.package_identification:_identify(.) by extension 'ros'
[0.075s] Level 1:colcon.colcon_core.package_identification:_identify(.) by extensions ['cmake', 'python']
[0.075s] Level 1:colcon.colcon_core.package_identification:_identify(.) by extension 'cmake'
[0.075s] Level 1:colcon.colcon_core.package_identification:_identify(.) by extension 'python'
[0.075s] Level 1:colcon.colcon_core.package_identification:_identify(.) by extensions ['python_setup_py']
[0.075s] Level 1:colcon.colcon_core.package_identification:_identify(.) by extension 'python_setup_py'
[0.075s] Level 1:colcon.colcon_core.package_identification:_identify(build) by extensions ['ignore', 'ignore_ament_install']
[0.075s] Level 1:colcon.colcon_core.package_identification:_identify(build) by extension 'ignore'
[0.075s] Level 1:colcon.colcon_core.package_identification:_identify(build) ignored
[0.075s] Level 1:colcon.colcon_core.package_identification:_identify(install) by extensions ['ignore', 'ignore_ament_install']
[0.075s] Level 1:colcon.colcon_core.package_identification:_identify(install) by extension 'ignore'
[0.075s] Level 1:colcon.colcon_core.package_identification:_identify(install) ignored
[0.075s] Level 1:colcon.colcon_core.package_identification:_identify(log) by extensions ['ignore', 'ignore_ament_install']
[0.075s] Level 1:colcon.colcon_core.package_identification:_identify(log) by extension 'ignore'
[0.075s] Level 1:colcon.colcon_core.package_identification:_identify(log) ignored
[0.075s] Level 1:colcon.colcon_core.package_identification:_identify(pyclops_controller) by extensions ['ignore', 'ignore_ament_install']
[0.075s] Level 1:colcon.colcon_core.package_identification:_identify(pyclops_controller) by extension 'ignore'
[0.075s] Level 1:colcon.colcon_core.package_identification:_identify(pyclops_controller) by extension 'ignore_ament_install'
[0.075s] Level 1:colcon.colcon_core.package_identification:_identify(pyclops_controller) by extensions ['colcon_pkg']
[0.075s] Level 1:colcon.colcon_core.package_identification:_identify(pyclops_controller) by extension 'colcon_pkg'
[0.075s] Level 1:colcon.colcon_core.package_identification:_identify(pyclops_controller) by extensions ['colcon_meta']
[0.075s] Level 1:colcon.colcon_core.package_identification:_identify(pyclops_controller) by extension 'colcon_meta'
[0.075s] Level 1:colcon.colcon_core.package_identification:_identify(pyclops_controller) by extensions ['ros']
[0.075s] Level 1:colcon.colcon_core.package_identification:_identify(pyclops_controller) by extension 'ros'
[0.076s] DEBUG:colcon.colcon_core.package_identification:Package 'pyclops_controller' with type 'ros.ament_python' and name 'pyclops_controller'
[0.077s] Level 1:colcon.colcon_core.package_identification:_identify(pyclops_launch) by extensions ['ignore', 'ignore_ament_install']
[0.077s] Level 1:colcon.colcon_core.package_identification:_identify(pyclops_launch) by extension 'ignore'
[0.077s] Level 1:colcon.colcon_core.package_identification:_identify(pyclops_launch) by extension 'ignore_ament_install'
[0.077s] Level 1:colcon.colcon_core.package_identification:_identify(pyclops_launch) by extensions ['colcon_pkg']
[0.077s] Level 1:colcon.colcon_core.package_identification:_identify(pyclops_launch) by extension 'colcon_pkg'
[0.077s] Level 1:colcon.colcon_core.package_identification:_identify(pyclops_launch) by extensions ['colcon_meta']
[0.077s] Level 1:colcon.colcon_core.package_identification:_identify(pyclops_launch) by extension 'colcon_meta'
[0.077s] Level 1:colcon.colcon_core.package_identification:_identify(pyclops_launch) by extensions ['ros']
[0.077s] Level 1:colcon.colcon_core.package_identification:_identify(pyclops_launch) by extension 'ros'
[0.077s] DEBUG:colcon.colcon_core.package_identification:Package 'pyclops_launch' with type 'ros.ament_python' and name 'pyclops_launch'
[0.077s] Level 1:colcon.colcon_core.package_identification:_identify(robot_description) by extensions ['ignore', 'ignore_ament_install']
[0.077s] Level 1:colcon.colcon_core.package_identification:_identify(robot_description) by extension 'ignore'
[0.077s] Level 1:colcon.colcon_core.package_identification:_identify(robot_description) by extension 'ignore_ament_install'
[0.077s] Level 1:colcon.colcon_core.package_identification:_identify(robot_description) by extensions ['colcon_pkg']
[0.077s] Level 1:colcon.colcon_core.package_identification:_identify(robot_description) by extension 'colcon_pkg'
[0.077s] Level 1:colcon.colcon_core.package_identification:_identify(robot_description) by extensions ['colcon_meta']
[0.077s] Level 1:colcon.colcon_core.package_identification:_identify(robot_description) by extension 'colcon_meta'
[0.077s] Level 1:colcon.colcon_core.package_identification:_identify(robot_description) by extensions ['ros']
[0.077s] Level 1:colcon.colcon_core.package_identification:_identify(robot_description) by extension 'ros'
[0.077s] Level 1:colcon.colcon_core.package_identification:_identify(robot_description) by extensions ['cmake', 'python']
[0.077s] Level 1:colcon.colcon_core.package_identification:_identify(robot_description) by extension 'cmake'
[0.077s] Level 1:colcon.colcon_core.package_identification:_identify(robot_description) by extension 'python'
[0.077s] Level 1:colcon.colcon_core.package_identification:_identify(robot_description) by extensions ['python_setup_py']
[0.077s] Level 1:colcon.colcon_core.package_identification:_identify(robot_description) by extension 'python_setup_py'
[0.077s] Level 1:colcon.colcon_core.package_identification:_identify(robot_description/assets) by extensions ['ignore', 'ignore_ament_install']
[0.077s] Level 1:colcon.colcon_core.package_identification:_identify(robot_description/assets) by extension 'ignore'
[0.077s] Level 1:colcon.colcon_core.package_identification:_identify(robot_description/assets) by extension 'ignore_ament_install'
[0.077s] Level 1:colcon.colcon_core.package_identification:_identify(robot_description/assets) by extensions ['colcon_pkg']
[0.077s] Level 1:colcon.colcon_core.package_identification:_identify(robot_description/assets) by extension 'colcon_pkg'
[0.077s] Level 1:colcon.colcon_core.package_identification:_identify(robot_description/assets) by extensions ['colcon_meta']
[0.077s] Level 1:colcon.colcon_core.package_identification:_identify(robot_description/assets) by extension 'colcon_meta'
[0.077s] Level 1:colcon.colcon_core.package_identification:_identify(robot_description/assets) by extensions ['ros']
[0.077s] Level 1:colcon.colcon_core.package_identification:_identify(robot_description/assets) by extension 'ros'
[0.077s] Level 1:colcon.colcon_core.package_identification:_identify(robot_description/assets) by extensions ['cmake', 'python']
[0.077s] Level 1:colcon.colcon_core.package_identification:_identify(robot_description/assets) by extension 'cmake'
[0.077s] Level 1:colcon.colcon_core.package_identification:_identify(robot_description/assets) by extension 'python'
[0.077s] Level 1:colcon.colcon_core.package_identification:_identify(robot_description/assets) by extensions ['python_setup_py']
[0.077s] Level 1:colcon.colcon_core.package_identification:_identify(robot_description/assets) by extension 'python_setup_py'
[0.077s] Level 1:colcon.colcon_core.package_discovery:discover_packages(recursive) using defaults
[0.077s] Level 1:colcon.colcon_core.package_discovery:discover_packages(ignore) discover
[0.077s] Level 1:colcon.colcon_core.package_discovery:discover_packages(ignore) using defaults
[0.077s] Level 1:colcon.colcon_core.package_discovery:discover_packages(path) discover
[0.077s] Level 1:colcon.colcon_core.package_discovery:discover_packages(path) using defaults
[0.084s] Level 1:colcon.colcon_core.package_discovery:discover_packages(prefix_path) check parameters
[0.084s] Level 1:colcon.colcon_core.package_discovery:discover_packages(prefix_path) discover
[0.085s] DEBUG:colcon.colcon_installed_package_information.package_discovery:Found 2 installed packages in /home/theo/pyclops/ros_ws/install
[0.086s] DEBUG:colcon.colcon_installed_package_information.package_discovery:Found 315 installed packages in /opt/ros/jazzy
[0.086s] Level 1:colcon.colcon_core.package_discovery:discover_packages(prefix_path) using defaults
[0.102s] Level 5:colcon.colcon_core.verb:set package 'pyclops_controller' build argument 'cmake_args' from command line to 'None'
[0.103s] Level 5:colcon.colcon_core.verb:set package 'pyclops_controller' build argument 'cmake_target' from command line to 'None'
[0.103s] Level 5:colcon.colcon_core.verb:set package 'pyclops_controller' build argument 'cmake_target_skip_unavailable' from command line to 'False'
[0.103s] Level 5:colcon.colcon_core.verb:set package 'pyclops_controller' build argument 'cmake_clean_cache' from command line to 'False'
[0.103s] Level 5:colcon.colcon_core.verb:set package 'pyclops_controller' build argument 'cmake_clean_first' from command line to 'False'
[0.103s] Level 5:colcon.colcon_core.verb:set package 'pyclops_controller' build argument 'cmake_force_configure' from command line to 'False'
[0.103s] Level 5:colcon.colcon_core.verb:set package 'pyclops_controller' build argument 'ament_cmake_args' from command line to 'None'
[0.103s] Level 5:colcon.colcon_core.verb:set package 'pyclops_controller' build argument 'catkin_cmake_args' from command line to 'None'
[0.103s] Level 5:colcon.colcon_core.verb:set package 'pyclops_controller' build argument 'catkin_skip_building_tests' from command line to 'False'
[0.103s] DEBUG:colcon.colcon_core.verb:Building package 'pyclops_controller' with the following arguments: {'ament_cmake_args': None, 'build_base': '/home/theo/pyclops/ros_ws/src/build/pyclops_controller', 'catkin_cmake_args': None, 'catkin_skip_building_tests': False, 'cmake_args': None, 'cmake_clean_cache': False, 'cmake_clean_first': False, 'cmake_force_configure': False, 'cmake_target': None, 'cmake_target_skip_unavailable': False, 'install_base': '/home/theo/pyclops/ros_ws/src/install/pyclops_controller', 'merge_install': False, 'path': '/home/theo/pyclops/ros_ws/src/pyclops_controller', 'symlink_install': True, 'test_result_base': None}
[0.103s] Level 5:colcon.colcon_core.verb:set package 'pyclops_launch' build argument 'cmake_args' from command line to 'None'
[0.103s] Level 5:colcon.colcon_core.verb:set package 'pyclops_launch' build argument 'cmake_target' from command line to 'None'
[0.103s] Level 5:colcon.colcon_core.verb:set package 'pyclops_launch' build argument 'cmake_target_skip_unavailable' from command line to 'False'
[0.103s] Level 5:colcon.colcon_core.verb:set package 'pyclops_launch' build argument 'cmake_clean_cache' from command line to 'False'
[0.103s] Level 5:colcon.colcon_core.verb:set package 'pyclops_launch' build argument 'cmake_clean_first' from command line to 'False'
[0.103s] Level 5:colcon.colcon_core.verb:set package 'pyclops_launch' build argument 'cmake_force_configure' from command line to 'False'
[0.103s] Level 5:colcon.colcon_core.verb:set package 'pyclops_launch' build argument 'ament_cmake_args' from command line to 'None'
[0.103s] Level 5:colcon.colcon_core.verb:set package 'pyclops_launch' build argument 'catkin_cmake_args' from command line to 'None'
[0.103s] Level 5:colcon.colcon_core.verb:set package 'pyclops_launch' build argument 'catkin_skip_building_tests' from command line to 'False'
[0.103s] DEBUG:colcon.colcon_core.verb:Building package 'pyclops_launch' with the following arguments: {'ament_cmake_args': None, 'build_base': '/home/theo/pyclops/ros_ws/src/build/pyclops_launch', 'catkin_cmake_args': None, 'catkin_skip_building_tests': False, 'cmake_args': None, 'cmake_clean_cache': False, 'cmake_clean_first': False, 'cmake_force_configure': False, 'cmake_target': None, 'cmake_target_skip_unavailable': False, 'install_base': '/home/theo/pyclops/ros_ws/src/install/pyclops_launch', 'merge_install': False, 'path': '/home/theo/pyclops/ros_ws/src/pyclops_launch', 'symlink_install': True, 'test_result_base': None}
[0.103s] INFO:colcon.colcon_core.executor:Executing jobs using 'parallel' executor
[0.103s] DEBUG:colcon.colcon_parallel_executor.executor.parallel:run_until_complete
[0.103s] INFO:colcon.colcon_ros.task.ament_python.build:Building ROS package in '/home/theo/pyclops/ros_ws/src/pyclops_controller' with build type 'ament_python'
[0.103s] Level 1:colcon.colcon_core.shell:create_environment_hook('pyclops_controller', 'ament_prefix_path')
[0.104s] INFO:colcon.colcon_core.plugin_system:Skipping extension 'colcon_core.shell.bat': Not used on non-Windows systems
[0.105s] INFO:colcon.colcon_core.shell:Creating environment hook '/home/theo/pyclops/ros_ws/src/install/pyclops_controller/share/pyclops_controller/hook/ament_prefix_path.ps1'
[0.105s] INFO:colcon.colcon_core.shell:Creating environment descriptor '/home/theo/pyclops/ros_ws/src/install/pyclops_controller/share/pyclops_controller/hook/ament_prefix_path.dsv'
[0.105s] INFO:colcon.colcon_core.shell:Creating environment hook '/home/theo/pyclops/ros_ws/src/install/pyclops_controller/share/pyclops_controller/hook/ament_prefix_path.sh'
[0.105s] INFO:colcon.colcon_core.shell:Skip shell extension 'powershell' for command environment: Not usable outside of PowerShell
[0.105s] DEBUG:colcon.colcon_core.shell:Skip shell extension 'dsv' for command environment
[0.182s] INFO:colcon.colcon_core.task.python.build:Building Python package in '/home/theo/pyclops/ros_ws/src/pyclops_controller'
[0.182s] INFO:colcon.colcon_core.shell:Skip shell extension 'powershell' for command environment: Not usable outside of PowerShell
[0.182s] DEBUG:colcon.colcon_core.shell:Skip shell extension 'dsv' for command environment
[0.379s] DEBUG:colcon.colcon_core.task.python.build:While undoing a previous installation files outside the Python library path are being ignored: /home/theo/pyclops/ros_ws/src/install/pyclops_controller/share/ament_index/resource_index/packages/pyclops_controller
[0.379s] DEBUG:colcon.colcon_core.task.python.build:While undoing a previous installation files outside the Python library path are being ignored: /home/theo/pyclops/ros_ws/src/install/pyclops_controller/share/pyclops_controller/package.xml
[0.379s] DEBUG:colcon.colcon_core.task.python.build:While undoing a previous installation files outside the Python library path are being ignored: /home/theo/pyclops/ros_ws/src/install/pyclops_controller/share/pyclops_controller/launch
[0.379s] DEBUG:colcon.colcon_core.task.python.build:While undoing a previous installation files outside the Python library path are being ignored: /home/theo/pyclops/ros_ws/src/install/pyclops_controller/lib/pyclops_controller/drive_node
[0.379s] DEBUG:colcon.colcon_core.task.python.build:While undoing a previous installation files outside the Python library path are being ignored: /home/theo/pyclops/ros_ws/src/install/pyclops_controller/lib/pyclops_controller/teleop_node
[0.381s] DEBUG:colcon.colcon_core.event_handler.log_command:Invoking command in '/home/theo/pyclops/ros_ws/src/build/pyclops_controller': CONDA_PROMPT_MODIFIER=(base) DEBUGINFOD_URLS=https://debuginfod.ubuntu.com PYTHONPATH=/home/theo/pyclops/ros_ws/src/build/pyclops_controller/prefix_override:/usr/lib/python3/dist-packages/colcon_core/task/python/colcon_distutils_commands:/home/theo/pyclops/ros_ws/src/install/pyclops_controller/lib/python3.12/site-packages:${PYTHONPATH} /usr/bin/python3 -W ignore:setup.py install is deprecated -W ignore:easy_install command is deprecated setup.py develop --editable --build-directory /home/theo/pyclops/ros_ws/src/build/pyclops_controller/build --no-deps symlink_data --force
[0.578s] Level 1:colcon.colcon_core.shell:create_environment_hook('pyclops_controller', 'pythonpath_develop')
[0.579s] DEBUG:colcon.colcon_core.event_handler.log_command:Invoked command in '/home/theo/pyclops/ros_ws/src/build/pyclops_controller' returned '0': CONDA_PROMPT_MODIFIER=(base) DEBUGINFOD_URLS=https://debuginfod.ubuntu.com PYTHONPATH=/home/theo/pyclops/ros_ws/src/build/pyclops_controller/prefix_override:/usr/lib/python3/dist-packages/colcon_core/task/python/colcon_distutils_commands:/home/theo/pyclops/ros_ws/src/install/pyclops_controller/lib/python3.12/site-packages:${PYTHONPATH} /usr/bin/python3 -W ignore:setup.py install is deprecated -W ignore:easy_install command is deprecated setup.py develop --editable --build-directory /home/theo/pyclops/ros_ws/src/build/pyclops_controller/build --no-deps symlink_data --force
[0.579s] INFO:colcon.colcon_core.shell:Creating environment hook '/home/theo/pyclops/ros_ws/src/build/pyclops_controller/share/pyclops_controller/hook/pythonpath_develop.ps1'
[0.579s] INFO:colcon.colcon_core.shell:Creating environment descriptor '/home/theo/pyclops/ros_ws/src/build/pyclops_controller/share/pyclops_controller/hook/pythonpath_develop.dsv'
[0.579s] INFO:colcon.colcon_core.shell:Creating environment hook '/home/theo/pyclops/ros_ws/src/build/pyclops_controller/share/pyclops_controller/hook/pythonpath_develop.sh'
[0.580s] Level 1:colcon.colcon_core.environment:checking '/home/theo/pyclops/ros_ws/src/install/pyclops_controller' for CMake module files
[0.580s] Level 1:colcon.colcon_core.environment:checking '/home/theo/pyclops/ros_ws/src/install/pyclops_controller' for CMake config files
[0.581s] Level 1:colcon.colcon_core.environment:checking '/home/theo/pyclops/ros_ws/src/install/pyclops_controller/lib'
[0.581s] Level 1:colcon.colcon_core.environment:checking '/home/theo/pyclops/ros_ws/src/install/pyclops_controller/bin'
[0.581s] Level 1:colcon.colcon_core.environment:checking '/home/theo/pyclops/ros_ws/src/install/pyclops_controller/lib/pkgconfig/pyclops_controller.pc'
[0.581s] Level 1:colcon.colcon_core.environment:checking '/home/theo/pyclops/ros_ws/src/install/pyclops_controller/lib/python3.12/site-packages'
[0.581s] Level 1:colcon.colcon_core.shell:create_environment_hook('pyclops_controller', 'pythonpath')
[0.581s] INFO:colcon.colcon_core.shell:Creating environment hook '/home/theo/pyclops/ros_ws/src/install/pyclops_controller/share/pyclops_controller/hook/pythonpath.ps1'
[0.581s] INFO:colcon.colcon_core.shell:Creating environment descriptor '/home/theo/pyclops/ros_ws/src/install/pyclops_controller/share/pyclops_controller/hook/pythonpath.dsv'
[0.581s] INFO:colcon.colcon_core.shell:Creating environment hook '/home/theo/pyclops/ros_ws/src/install/pyclops_controller/share/pyclops_controller/hook/pythonpath.sh'
[0.582s] Level 1:colcon.colcon_core.environment:checking '/home/theo/pyclops/ros_ws/src/install/pyclops_controller/bin'
[0.582s] Level 1:colcon.colcon_core.environment:create_environment_scripts_only(pyclops_controller)
[0.582s] INFO:colcon.colcon_core.shell:Creating package script '/home/theo/pyclops/ros_ws/src/install/pyclops_controller/share/pyclops_controller/package.ps1'
[0.582s] INFO:colcon.colcon_core.shell:Creating package descriptor '/home/theo/pyclops/ros_ws/src/install/pyclops_controller/share/pyclops_controller/package.dsv'
[0.582s] INFO:colcon.colcon_core.shell:Creating package script '/home/theo/pyclops/ros_ws/src/install/pyclops_controller/share/pyclops_controller/package.sh'
[0.582s] INFO:colcon.colcon_core.shell:Creating package script '/home/theo/pyclops/ros_ws/src/install/pyclops_controller/share/pyclops_controller/package.bash'
[0.583s] INFO:colcon.colcon_core.shell:Creating package script '/home/theo/pyclops/ros_ws/src/install/pyclops_controller/share/pyclops_controller/package.zsh'
[0.583s] Level 1:colcon.colcon_core.environment:create_file_with_runtime_dependencies(/home/theo/pyclops/ros_ws/src/install/pyclops_controller/share/colcon-core/packages/pyclops_controller)
[0.583s] INFO:colcon.colcon_ros.task.ament_python.build:Building ROS package in '/home/theo/pyclops/ros_ws/src/pyclops_launch' with build type 'ament_python'
[0.583s] Level 1:colcon.colcon_core.shell:create_environment_hook('pyclops_launch', 'ament_prefix_path')
[0.583s] INFO:colcon.colcon_core.shell:Creating environment hook '/home/theo/pyclops/ros_ws/src/install/pyclops_launch/share/pyclops_launch/hook/ament_prefix_path.ps1'
[0.584s] INFO:colcon.colcon_core.shell:Creating environment descriptor '/home/theo/pyclops/ros_ws/src/install/pyclops_launch/share/pyclops_launch/hook/ament_prefix_path.dsv'
[0.584s] INFO:colcon.colcon_core.shell:Creating environment hook '/home/theo/pyclops/ros_ws/src/install/pyclops_launch/share/pyclops_launch/hook/ament_prefix_path.sh'
[0.584s] INFO:colcon.colcon_core.shell:Skip shell extension 'powershell' for command environment: Not usable outside of PowerShell
[0.584s] DEBUG:colcon.colcon_core.shell:Skip shell extension 'dsv' for command environment
[0.668s] INFO:colcon.colcon_core.task.python.build:Building Python package in '/home/theo/pyclops/ros_ws/src/pyclops_launch'
[0.669s] INFO:colcon.colcon_core.shell:Skip shell extension 'powershell' for command environment: Not usable outside of PowerShell
[0.669s] DEBUG:colcon.colcon_core.shell:Skip shell extension 'dsv' for command environment
[0.873s] DEBUG:colcon.colcon_core.task.python.build:While undoing a previous installation files outside the Python library path are being ignored: /home/theo/pyclops/ros_ws/src/install/pyclops_launch/share/ament_index/resource_index/packages/pyclops_launch
[0.874s] DEBUG:colcon.colcon_core.task.python.build:While undoing a previous installation files outside the Python library path are being ignored: /home/theo/pyclops/ros_ws/src/install/pyclops_launch/share/pyclops_launch/package.xml
[0.875s] DEBUG:colcon.colcon_core.event_handler.log_command:Invoking command in '/home/theo/pyclops/ros_ws/src/build/pyclops_launch': AMENT_PREFIX_PATH=/home/theo/pyclops/ros_ws/src/install/pyclops_controller:${AMENT_PREFIX_PATH} CONDA_PROMPT_MODIFIER=(base) DEBUGINFOD_URLS=https://debuginfod.ubuntu.com PYTHONPATH=/home/theo/pyclops/ros_ws/src/build/pyclops_launch/prefix_override:/usr/lib/python3/dist-packages/colcon_core/task/python/colcon_distutils_commands:/home/theo/pyclops/ros_ws/src/install/pyclops_launch/lib/python3.12/site-packages:/home/theo/pyclops/ros_ws/src/build/pyclops_controller:/home/theo/pyclops/ros_ws/src/install/pyclops_controller/lib/python3.12/site-packages:${PYTHONPATH} /usr/bin/python3 -W ignore:setup.py install is deprecated -W ignore:easy_install command is deprecated setup.py develop --editable --build-directory /home/theo/pyclops/ros_ws/src/build/pyclops_launch/build --no-deps symlink_data --force
[1.074s] DEBUG:colcon.colcon_core.event_handler.log_command:Invoked command in '/home/theo/pyclops/ros_ws/src/build/pyclops_launch' returned '1': AMENT_PREFIX_PATH=/home/theo/pyclops/ros_ws/src/install/pyclops_controller:${AMENT_PREFIX_PATH} CONDA_PROMPT_MODIFIER=(base) DEBUGINFOD_URLS=https://debuginfod.ubuntu.com PYTHONPATH=/home/theo/pyclops/ros_ws/src/build/pyclops_launch/prefix_override:/usr/lib/python3/dist-packages/colcon_core/task/python/colcon_distutils_commands:/home/theo/pyclops/ros_ws/src/install/pyclops_launch/lib/python3.12/site-packages:/home/theo/pyclops/ros_ws/src/build/pyclops_controller:/home/theo/pyclops/ros_ws/src/install/pyclops_controller/lib/python3.12/site-packages:${PYTHONPATH} /usr/bin/python3 -W ignore:setup.py install is deprecated -W ignore:easy_install command is deprecated setup.py develop --editable --build-directory /home/theo/pyclops/ros_ws/src/build/pyclops_launch/build --no-deps symlink_data --force
[1.084s] DEBUG:colcon.colcon_parallel_executor.executor.parallel:closing loop
[1.085s] DEBUG:colcon.colcon_parallel_executor.executor.parallel:loop closed
[1.085s] DEBUG:colcon.colcon_parallel_executor.executor.parallel:run_until_complete finished with '1'
[1.085s] DEBUG:colcon.colcon_core.event_reactor:joining thread
[1.087s] INFO:colcon.colcon_core.plugin_system:Skipping extension 'colcon_notification.desktop_notification.terminal_notifier': Not used on non-Darwin systems
[1.087s] INFO:colcon.colcon_core.plugin_system:Skipping extension 'colcon_notification.desktop_notification.win32': Not used on non-Windows systems
[1.087s] INFO:colcon.colcon_notification.desktop_notification:Sending desktop notification using 'notify2'
[1.098s] DEBUG:colcon.colcon_core.event_reactor:joined thread
[1.098s] INFO:colcon.colcon_core.shell:Creating prefix script '/home/theo/pyclops/ros_ws/src/install/local_setup.ps1'
[1.099s] INFO:colcon.colcon_core.shell:Creating prefix util module '/home/theo/pyclops/ros_ws/src/install/_local_setup_util_ps1.py'
[1.099s] INFO:colcon.colcon_core.shell:Creating prefix chain script '/home/theo/pyclops/ros_ws/src/install/setup.ps1'
[1.100s] INFO:colcon.colcon_core.shell:Creating prefix script '/home/theo/pyclops/ros_ws/src/install/local_setup.sh'
[1.100s] INFO:colcon.colcon_core.shell:Creating prefix util module '/home/theo/pyclops/ros_ws/src/install/_local_setup_util_sh.py'
[1.100s] INFO:colcon.colcon_core.shell:Creating prefix chain script '/home/theo/pyclops/ros_ws/src/install/setup.sh'
[1.101s] INFO:colcon.colcon_core.shell:Creating prefix script '/home/theo/pyclops/ros_ws/src/install/local_setup.bash'
[1.101s] INFO:colcon.colcon_core.shell:Creating prefix chain script '/home/theo/pyclops/ros_ws/src/install/setup.bash'
[1.101s] INFO:colcon.colcon_core.shell:Creating prefix script '/home/theo/pyclops/ros_ws/src/install/local_setup.zsh'
[1.102s] INFO:colcon.colcon_core.shell:Creating prefix chain script '/home/theo/pyclops/ros_ws/src/install/setup.zsh'
