[0.052s] DEBUG:colcon:Command line arguments: ['/usr/bin/colcon', 'build', '--symlink-install']
[0.052s] DEBUG:colcon:Parsed command line arguments: Namespace(log_base=None, log_level=None, verb_name='build', build_base='build', install_base='install', merge_install=False, symlink_install=True, test_result_base=None, continue_on_error=False, executor='parallel', parallel_workers=6, event_handlers=None, ignore_user_meta=False, metas=['./colcon.meta'], base_paths=['.'], packages_ignore=None, packages_ignore_regex=None, paths=None, packages_up_to=None, packages_up_to_regex=None, packages_above=None, packages_above_and_dependencies=None, packages_above_depth=None, packages_select_by_dep=None, packages_skip_by_dep=None, packages_skip_up_to=None, packages_select_build_failed=False, packages_skip_build_finished=False, packages_select_test_failures=False, packages_skip_test_passed=False, packages_select=None, packages_skip=None, packages_select_regex=None, packages_skip_regex=None, packages_start=None, packages_end=None, allow_overriding=[], cmake_args=None, cmake_target=None, cmake_target_skip_unavailable=False, cmake_clean_cache=False, cmake_clean_first=False, cmake_force_configure=False, ament_cmake_args=None, catkin_cmake_args=None, catkin_skip_building_tests=False, mixin_files=None, mixin=None, verb_parser=<colcon_mixin.mixin.mixin_argument.MixinArgumentDecorator object at 0xe114a93e16d0>, verb_extension=<colcon_core.verb.build.BuildVerb object at 0xe114a93e1040>, main=<bound method BuildVerb.main of <colcon_core.verb.build.BuildVerb object at 0xe114a93e1040>>, mixin_verb=('build',))
[0.069s] Level 1:colcon.colcon_core.package_discovery:discover_packages(colcon_meta) check parameters
[0.069s] Level 1:colcon.colcon_core.package_discovery:discover_packages(recursive) check parameters
[0.069s] Level 1:colcon.colcon_core.package_discovery:discover_packages(ignore) check parameters
[0.069s] Level 1:colcon.colcon_core.package_discovery:discover_packages(path) check parameters
[0.069s] Level 1:colcon.colcon_core.package_discovery:discover_packages(colcon_meta) discover
[0.069s] Level 1:colcon.colcon_core.package_discovery:discover_packages(recursive) discover
[0.069s] INFO:colcon.colcon_core.package_discovery:Crawling recursively for packages in '/home/theo/pyclops/ros_ws'
[0.069s] Level 1:colcon.colcon_core.package_identification:_identify(.) by extensions ['ignore', 'ignore_ament_install']
[0.069s] Level 1:colcon.colcon_core.package_identification:_identify(.) by extension 'ignore'
[0.069s] Level 1:colcon.colcon_core.package_identification:_identify(.) by extension 'ignore_ament_install'
[0.069s] Level 1:colcon.colcon_core.package_identification:_identify(.) by extensions ['colcon_pkg']
[0.069s] Level 1:colcon.colcon_core.package_identification:_identify(.) by extension 'colcon_pkg'
[0.069s] Level 1:colcon.colcon_core.package_identification:_identify(.) by extensions ['colcon_meta']
[0.069s] Level 1:colcon.colcon_core.package_identification:_identify(.) by extension 'colcon_meta'
[0.069s] Level 1:colcon.colcon_core.package_identification:_identify(.) by extensions ['ros']
[0.069s] Level 1:colcon.colcon_core.package_identification:_identify(.) by extension 'ros'
[0.081s] Level 1:colcon.colcon_core.package_identification:_identify(.) by extensions ['cmake', 'python']
[0.081s] Level 1:colcon.colcon_core.package_identification:_identify(.) by extension 'cmake'
[0.081s] Level 1:colcon.colcon_core.package_identification:_identify(.) by extension 'python'
[0.081s] Level 1:colcon.colcon_core.package_identification:_identify(.) by extensions ['python_setup_py']
[0.081s] Level 1:colcon.colcon_core.package_identification:_identify(.) by extension 'python_setup_py'
[0.081s] Level 1:colcon.colcon_core.package_identification:_identify(build) by extensions ['ignore', 'ignore_ament_install']
[0.081s] Level 1:colcon.colcon_core.package_identification:_identify(build) by extension 'ignore'
[0.081s] Level 1:colcon.colcon_core.package_identification:_identify(build) ignored
[0.081s] Level 1:colcon.colcon_core.package_identification:_identify(install) by extensions ['ignore', 'ignore_ament_install']
[0.081s] Level 1:colcon.colcon_core.package_identification:_identify(install) by extension 'ignore'
[0.081s] Level 1:colcon.colcon_core.package_identification:_identify(install) ignored
[0.081s] Level 1:colcon.colcon_core.package_identification:_identify(log) by extensions ['ignore', 'ignore_ament_install']
[0.081s] Level 1:colcon.colcon_core.package_identification:_identify(log) by extension 'ignore'
[0.081s] Level 1:colcon.colcon_core.package_identification:_identify(log) ignored
[0.081s] Level 1:colcon.colcon_core.package_identification:_identify(src) by extensions ['ignore', 'ignore_ament_install']
[0.081s] Level 1:colcon.colcon_core.package_identification:_identify(src) by extension 'ignore'
[0.081s] Level 1:colcon.colcon_core.package_identification:_identify(src) by extension 'ignore_ament_install'
[0.081s] Level 1:colcon.colcon_core.package_identification:_identify(src) by extensions ['colcon_pkg']
[0.081s] Level 1:colcon.colcon_core.package_identification:_identify(src) by extension 'colcon_pkg'
[0.081s] Level 1:colcon.colcon_core.package_identification:_identify(src) by extensions ['colcon_meta']
[0.081s] Level 1:colcon.colcon_core.package_identification:_identify(src) by extension 'colcon_meta'
[0.081s] Level 1:colcon.colcon_core.package_identification:_identify(src) by extensions ['ros']
[0.081s] Level 1:colcon.colcon_core.package_identification:_identify(src) by extension 'ros'
[0.081s] Level 1:colcon.colcon_core.package_identification:_identify(src) by extensions ['cmake', 'python']
[0.081s] Level 1:colcon.colcon_core.package_identification:_identify(src) by extension 'cmake'
[0.081s] Level 1:colcon.colcon_core.package_identification:_identify(src) by extension 'python'
[0.081s] Level 1:colcon.colcon_core.package_identification:_identify(src) by extensions ['python_setup_py']
[0.081s] Level 1:colcon.colcon_core.package_identification:_identify(src) by extension 'python_setup_py'
[0.081s] Level 1:colcon.colcon_core.package_identification:_identify(src/build) by extensions ['ignore', 'ignore_ament_install']
[0.081s] Level 1:colcon.colcon_core.package_identification:_identify(src/build) by extension 'ignore'
[0.081s] Level 1:colcon.colcon_core.package_identification:_identify(src/build) ignored
[0.082s] Level 1:colcon.colcon_core.package_identification:_identify(src/install) by extensions ['ignore', 'ignore_ament_install']
[0.082s] Level 1:colcon.colcon_core.package_identification:_identify(src/install) by extension 'ignore'
[0.082s] Level 1:colcon.colcon_core.package_identification:_identify(src/install) ignored
[0.082s] Level 1:colcon.colcon_core.package_identification:_identify(src/log) by extensions ['ignore', 'ignore_ament_install']
[0.082s] Level 1:colcon.colcon_core.package_identification:_identify(src/log) by extension 'ignore'
[0.082s] Level 1:colcon.colcon_core.package_identification:_identify(src/log) ignored
[0.082s] Level 1:colcon.colcon_core.package_identification:_identify(src/pyclops_controller) by extensions ['ignore', 'ignore_ament_install']
[0.082s] Level 1:colcon.colcon_core.package_identification:_identify(src/pyclops_controller) by extension 'ignore'
[0.082s] Level 1:colcon.colcon_core.package_identification:_identify(src/pyclops_controller) by extension 'ignore_ament_install'
[0.082s] Level 1:colcon.colcon_core.package_identification:_identify(src/pyclops_controller) by extensions ['colcon_pkg']
[0.082s] Level 1:colcon.colcon_core.package_identification:_identify(src/pyclops_controller) by extension 'colcon_pkg'
[0.082s] Level 1:colcon.colcon_core.package_identification:_identify(src/pyclops_controller) by extensions ['colcon_meta']
[0.082s] Level 1:colcon.colcon_core.package_identification:_identify(src/pyclops_controller) by extension 'colcon_meta'
[0.082s] Level 1:colcon.colcon_core.package_identification:_identify(src/pyclops_controller) by extensions ['ros']
[0.082s] Level 1:colcon.colcon_core.package_identification:_identify(src/pyclops_controller) by extension 'ros'
[0.083s] DEBUG:colcon.colcon_core.package_identification:Package 'src/pyclops_controller' with type 'ros.ament_python' and name 'pyclops_controller'
[0.083s] Level 1:colcon.colcon_core.package_identification:_identify(src/pyclops_launch) by extensions ['ignore', 'ignore_ament_install']
[0.083s] Level 1:colcon.colcon_core.package_identification:_identify(src/pyclops_launch) by extension 'ignore'
[0.083s] Level 1:colcon.colcon_core.package_identification:_identify(src/pyclops_launch) by extension 'ignore_ament_install'
[0.083s] Level 1:colcon.colcon_core.package_identification:_identify(src/pyclops_launch) by extensions ['colcon_pkg']
[0.083s] Level 1:colcon.colcon_core.package_identification:_identify(src/pyclops_launch) by extension 'colcon_pkg'
[0.083s] Level 1:colcon.colcon_core.package_identification:_identify(src/pyclops_launch) by extensions ['colcon_meta']
[0.083s] Level 1:colcon.colcon_core.package_identification:_identify(src/pyclops_launch) by extension 'colcon_meta'
[0.083s] Level 1:colcon.colcon_core.package_identification:_identify(src/pyclops_launch) by extensions ['ros']
[0.083s] Level 1:colcon.colcon_core.package_identification:_identify(src/pyclops_launch) by extension 'ros'
[0.083s] DEBUG:colcon.colcon_core.package_identification:Package 'src/pyclops_launch' with type 'ros.ament_python' and name 'pyclops_launch'
[0.083s] Level 1:colcon.colcon_core.package_identification:_identify(src/robot_description) by extensions ['ignore', 'ignore_ament_install']
[0.083s] Level 1:colcon.colcon_core.package_identification:_identify(src/robot_description) by extension 'ignore'
[0.083s] Level 1:colcon.colcon_core.package_identification:_identify(src/robot_description) by extension 'ignore_ament_install'
[0.083s] Level 1:colcon.colcon_core.package_identification:_identify(src/robot_description) by extensions ['colcon_pkg']
[0.083s] Level 1:colcon.colcon_core.package_identification:_identify(src/robot_description) by extension 'colcon_pkg'
[0.083s] Level 1:colcon.colcon_core.package_identification:_identify(src/robot_description) by extensions ['colcon_meta']
[0.083s] Level 1:colcon.colcon_core.package_identification:_identify(src/robot_description) by extension 'colcon_meta'
[0.083s] Level 1:colcon.colcon_core.package_identification:_identify(src/robot_description) by extensions ['ros']
[0.083s] Level 1:colcon.colcon_core.package_identification:_identify(src/robot_description) by extension 'ros'
[0.083s] DEBUG:colcon.colcon_core.package_identification:Package 'src/robot_description' with type 'ros.ament_python' and name 'robot_description'
[0.083s] Level 1:colcon.colcon_core.package_discovery:discover_packages(recursive) using defaults
[0.084s] Level 1:colcon.colcon_core.package_discovery:discover_packages(ignore) discover
[0.084s] Level 1:colcon.colcon_core.package_discovery:discover_packages(ignore) using defaults
[0.084s] Level 1:colcon.colcon_core.package_discovery:discover_packages(path) discover
[0.084s] Level 1:colcon.colcon_core.package_discovery:discover_packages(path) using defaults
[0.091s] Level 1:colcon.colcon_core.package_discovery:discover_packages(prefix_path) check parameters
[0.091s] Level 1:colcon.colcon_core.package_discovery:discover_packages(prefix_path) discover
[0.092s] DEBUG:colcon.colcon_installed_package_information.package_discovery:Found 3 installed packages in /home/theo/pyclops/ros_ws/install
[0.092s] DEBUG:colcon.colcon_installed_package_information.package_discovery:Found 2 installed packages in /home/theo/pyclops/ros_ws/src/install
[0.093s] DEBUG:colcon.colcon_installed_package_information.package_discovery:Found 315 installed packages in /opt/ros/jazzy
[0.093s] Level 1:colcon.colcon_core.package_discovery:discover_packages(prefix_path) using defaults
[0.111s] Level 5:colcon.colcon_core.verb:set package 'pyclops_controller' build argument 'cmake_args' from command line to 'None'
[0.111s] Level 5:colcon.colcon_core.verb:set package 'pyclops_controller' build argument 'cmake_target' from command line to 'None'
[0.111s] Level 5:colcon.colcon_core.verb:set package 'pyclops_controller' build argument 'cmake_target_skip_unavailable' from command line to 'False'
[0.111s] Level 5:colcon.colcon_core.verb:set package 'pyclops_controller' build argument 'cmake_clean_cache' from command line to 'False'
[0.111s] Level 5:colcon.colcon_core.verb:set package 'pyclops_controller' build argument 'cmake_clean_first' from command line to 'False'
[0.111s] Level 5:colcon.colcon_core.verb:set package 'pyclops_controller' build argument 'cmake_force_configure' from command line to 'False'
[0.111s] Level 5:colcon.colcon_core.verb:set package 'pyclops_controller' build argument 'ament_cmake_args' from command line to 'None'
[0.111s] Level 5:colcon.colcon_core.verb:set package 'pyclops_controller' build argument 'catkin_cmake_args' from command line to 'None'
[0.111s] Level 5:colcon.colcon_core.verb:set package 'pyclops_controller' build argument 'catkin_skip_building_tests' from command line to 'False'
[0.111s] DEBUG:colcon.colcon_core.verb:Building package 'pyclops_controller' with the following arguments: {'ament_cmake_args': None, 'build_base': '/home/theo/pyclops/ros_ws/build/pyclops_controller', 'catkin_cmake_args': None, 'catkin_skip_building_tests': False, 'cmake_args': None, 'cmake_clean_cache': False, 'cmake_clean_first': False, 'cmake_force_configure': False, 'cmake_target': None, 'cmake_target_skip_unavailable': False, 'install_base': '/home/theo/pyclops/ros_ws/install/pyclops_controller', 'merge_install': False, 'path': '/home/theo/pyclops/ros_ws/src/pyclops_controller', 'symlink_install': True, 'test_result_base': None}
[0.112s] Level 5:colcon.colcon_core.verb:set package 'robot_description' build argument 'cmake_args' from command line to 'None'
[0.112s] Level 5:colcon.colcon_core.verb:set package 'robot_description' build argument 'cmake_target' from command line to 'None'
[0.112s] Level 5:colcon.colcon_core.verb:set package 'robot_description' build argument 'cmake_target_skip_unavailable' from command line to 'False'
[0.112s] Level 5:colcon.colcon_core.verb:set package 'robot_description' build argument 'cmake_clean_cache' from command line to 'False'
[0.112s] Level 5:colcon.colcon_core.verb:set package 'robot_description' build argument 'cmake_clean_first' from command line to 'False'
[0.112s] Level 5:colcon.colcon_core.verb:set package 'robot_description' build argument 'cmake_force_configure' from command line to 'False'
[0.112s] Level 5:colcon.colcon_core.verb:set package 'robot_description' build argument 'ament_cmake_args' from command line to 'None'
[0.112s] Level 5:colcon.colcon_core.verb:set package 'robot_description' build argument 'catkin_cmake_args' from command line to 'None'
[0.112s] Level 5:colcon.colcon_core.verb:set package 'robot_description' build argument 'catkin_skip_building_tests' from command line to 'False'
[0.112s] DEBUG:colcon.colcon_core.verb:Building package 'robot_description' with the following arguments: {'ament_cmake_args': None, 'build_base': '/home/theo/pyclops/ros_ws/build/robot_description', 'catkin_cmake_args': None, 'catkin_skip_building_tests': False, 'cmake_args': None, 'cmake_clean_cache': False, 'cmake_clean_first': False, 'cmake_force_configure': False, 'cmake_target': None, 'cmake_target_skip_unavailable': False, 'install_base': '/home/theo/pyclops/ros_ws/install/robot_description', 'merge_install': False, 'path': '/home/theo/pyclops/ros_ws/src/robot_description', 'symlink_install': True, 'test_result_base': None}
[0.112s] Level 5:colcon.colcon_core.verb:set package 'pyclops_launch' build argument 'cmake_args' from command line to 'None'
[0.112s] Level 5:colcon.colcon_core.verb:set package 'pyclops_launch' build argument 'cmake_target' from command line to 'None'
[0.112s] Level 5:colcon.colcon_core.verb:set package 'pyclops_launch' build argument 'cmake_target_skip_unavailable' from command line to 'False'
[0.112s] Level 5:colcon.colcon_core.verb:set package 'pyclops_launch' build argument 'cmake_clean_cache' from command line to 'False'
[0.112s] Level 5:colcon.colcon_core.verb:set package 'pyclops_launch' build argument 'cmake_clean_first' from command line to 'False'
[0.112s] Level 5:colcon.colcon_core.verb:set package 'pyclops_launch' build argument 'cmake_force_configure' from command line to 'False'
[0.112s] Level 5:colcon.colcon_core.verb:set package 'pyclops_launch' build argument 'ament_cmake_args' from command line to 'None'
[0.112s] Level 5:colcon.colcon_core.verb:set package 'pyclops_launch' build argument 'catkin_cmake_args' from command line to 'None'
[0.112s] Level 5:colcon.colcon_core.verb:set package 'pyclops_launch' build argument 'catkin_skip_building_tests' from command line to 'False'
[0.112s] DEBUG:colcon.colcon_core.verb:Building package 'pyclops_launch' with the following arguments: {'ament_cmake_args': None, 'build_base': '/home/theo/pyclops/ros_ws/build/pyclops_launch', 'catkin_cmake_args': None, 'catkin_skip_building_tests': False, 'cmake_args': None, 'cmake_clean_cache': False, 'cmake_clean_first': False, 'cmake_force_configure': False, 'cmake_target': None, 'cmake_target_skip_unavailable': False, 'install_base': '/home/theo/pyclops/ros_ws/install/pyclops_launch', 'merge_install': False, 'path': '/home/theo/pyclops/ros_ws/src/pyclops_launch', 'symlink_install': True, 'test_result_base': None}
[0.112s] INFO:colcon.colcon_core.executor:Executing jobs using 'parallel' executor
[0.112s] DEBUG:colcon.colcon_parallel_executor.executor.parallel:run_until_complete
[0.112s] INFO:colcon.colcon_ros.task.ament_python.build:Building ROS package in '/home/theo/pyclops/ros_ws/src/pyclops_controller' with build type 'ament_python'
[0.112s] Level 1:colcon.colcon_core.shell:create_environment_hook('pyclops_controller', 'ament_prefix_path')
[0.114s] INFO:colcon.colcon_core.plugin_system:Skipping extension 'colcon_core.shell.bat': Not used on non-Windows systems
[0.114s] INFO:colcon.colcon_core.shell:Creating environment hook '/home/theo/pyclops/ros_ws/install/pyclops_controller/share/pyclops_controller/hook/ament_prefix_path.ps1'
[0.114s] INFO:colcon.colcon_core.shell:Creating environment descriptor '/home/theo/pyclops/ros_ws/install/pyclops_controller/share/pyclops_controller/hook/ament_prefix_path.dsv'
[0.114s] INFO:colcon.colcon_core.shell:Creating environment hook '/home/theo/pyclops/ros_ws/install/pyclops_controller/share/pyclops_controller/hook/ament_prefix_path.sh'
[0.114s] INFO:colcon.colcon_core.shell:Skip shell extension 'powershell' for command environment: Not usable outside of PowerShell
[0.114s] DEBUG:colcon.colcon_core.shell:Skip shell extension 'dsv' for command environment
[0.116s] INFO:colcon.colcon_ros.task.ament_python.build:Building ROS package in '/home/theo/pyclops/ros_ws/src/robot_description' with build type 'ament_python'
[0.116s] Level 1:colcon.colcon_core.shell:create_environment_hook('robot_description', 'ament_prefix_path')
[0.116s] INFO:colcon.colcon_core.shell:Creating environment hook '/home/theo/pyclops/ros_ws/install/robot_description/share/robot_description/hook/ament_prefix_path.ps1'
[0.117s] INFO:colcon.colcon_core.shell:Creating environment descriptor '/home/theo/pyclops/ros_ws/install/robot_description/share/robot_description/hook/ament_prefix_path.dsv'
[0.117s] INFO:colcon.colcon_core.shell:Creating environment hook '/home/theo/pyclops/ros_ws/install/robot_description/share/robot_description/hook/ament_prefix_path.sh'
[0.117s] INFO:colcon.colcon_core.shell:Skip shell extension 'powershell' for command environment: Not usable outside of PowerShell
[0.117s] DEBUG:colcon.colcon_core.shell:Skip shell extension 'dsv' for command environment
[0.199s] INFO:colcon.colcon_core.task.python.build:Building Python package in '/home/theo/pyclops/ros_ws/src/pyclops_controller'
[0.200s] INFO:colcon.colcon_core.shell:Skip shell extension 'powershell' for command environment: Not usable outside of PowerShell
[0.200s] DEBUG:colcon.colcon_core.shell:Skip shell extension 'dsv' for command environment
[0.278s] INFO:colcon.colcon_core.task.python.build:Building Python package in '/home/theo/pyclops/ros_ws/src/robot_description'
[0.278s] INFO:colcon.colcon_core.shell:Skip shell extension 'powershell' for command environment: Not usable outside of PowerShell
[0.279s] DEBUG:colcon.colcon_core.shell:Skip shell extension 'dsv' for command environment
[0.491s] DEBUG:colcon.colcon_core.task.python.build:While undoing a previous installation files outside the Python library path are being ignored: /home/theo/pyclops/ros_ws/install/pyclops_controller/share/ament_index/resource_index/packages/pyclops_controller
[0.491s] DEBUG:colcon.colcon_core.task.python.build:While undoing a previous installation files outside the Python library path are being ignored: /home/theo/pyclops/ros_ws/install/pyclops_controller/share/pyclops_controller/package.xml
[0.491s] DEBUG:colcon.colcon_core.task.python.build:While undoing a previous installation files outside the Python library path are being ignored: /home/theo/pyclops/ros_ws/install/pyclops_controller/lib/pyclops_controller/drive_node
[0.491s] DEBUG:colcon.colcon_core.task.python.build:While undoing a previous installation files outside the Python library path are being ignored: /home/theo/pyclops/ros_ws/install/pyclops_controller/lib/pyclops_controller/teleop_node
[0.492s] DEBUG:colcon.colcon_core.event_handler.log_command:Invoking command in '/home/theo/pyclops/ros_ws/build/pyclops_controller': CONDA_PROMPT_MODIFIER=(base) DEBUGINFOD_URLS=https://debuginfod.ubuntu.com PYTHONPATH=/home/theo/pyclops/ros_ws/build/pyclops_controller/prefix_override:/usr/lib/python3/dist-packages/colcon_core/task/python/colcon_distutils_commands:/home/theo/pyclops/ros_ws/install/pyclops_controller/lib/python3.12/site-packages:${PYTHONPATH} /usr/bin/python3 -W ignore:setup.py install is deprecated -W ignore:easy_install command is deprecated setup.py develop --editable --build-directory /home/theo/pyclops/ros_ws/build/pyclops_controller/build --no-deps symlink_data --force
[0.493s] DEBUG:colcon.colcon_core.task.python.build:While undoing a previous installation files outside the Python library path are being ignored: /home/theo/pyclops/ros_ws/install/robot_description/share/ament_index/resource_index/packages/robot_description
[0.493s] DEBUG:colcon.colcon_core.task.python.build:While undoing a previous installation files outside the Python library path are being ignored: /home/theo/pyclops/ros_ws/install/robot_description/share/robot_description/package.xml
[0.493s] DEBUG:colcon.colcon_core.task.python.build:While undoing a previous installation files outside the Python library path are being ignored: /home/theo/pyclops/ros_ws/install/robot_description/share/robot_description/launch
[0.493s] DEBUG:colcon.colcon_core.task.python.build:While undoing a previous installation files outside the Python library path are being ignored: /home/theo/pyclops/ros_ws/install/robot_description/share/robot_description/urdf/robot.urdf
[0.493s] DEBUG:colcon.colcon_core.task.python.build:While undoing a previous installation files outside the Python library path are being ignored: /home/theo/pyclops/ros_ws/install/robot_description/share/robot_description/assets/body.stl
[0.493s] DEBUG:colcon.colcon_core.task.python.build:While undoing a previous installation files outside the Python library path are being ignored: /home/theo/pyclops/ros_ws/install/robot_description/share/robot_description/assets/right_wheel.stl
[0.493s] DEBUG:colcon.colcon_core.task.python.build:While undoing a previous installation files outside the Python library path are being ignored: /home/theo/pyclops/ros_ws/install/robot_description/share/robot_description/assets/left_wheel.stl
[0.495s] DEBUG:colcon.colcon_core.event_handler.log_command:Invoking command in '/home/theo/pyclops/ros_ws/build/robot_description': CONDA_PROMPT_MODIFIER=(base) DEBUGINFOD_URLS=https://debuginfod.ubuntu.com PYTHONPATH=/home/theo/pyclops/ros_ws/build/robot_description/prefix_override:/usr/lib/python3/dist-packages/colcon_core/task/python/colcon_distutils_commands:/home/theo/pyclops/ros_ws/install/robot_description/lib/python3.12/site-packages:${PYTHONPATH} /usr/bin/python3 -W ignore:setup.py install is deprecated -W ignore:easy_install command is deprecated setup.py develop --editable --build-directory /home/theo/pyclops/ros_ws/build/robot_description/build --no-deps symlink_data --force
[0.712s] Level 1:colcon.colcon_core.shell:create_environment_hook('robot_description', 'pythonpath_develop')
[0.712s] DEBUG:colcon.colcon_core.event_handler.log_command:Invoked command in '/home/theo/pyclops/ros_ws/build/robot_description' returned '0': CONDA_PROMPT_MODIFIER=(base) DEBUGINFOD_URLS=https://debuginfod.ubuntu.com PYTHONPATH=/home/theo/pyclops/ros_ws/build/robot_description/prefix_override:/usr/lib/python3/dist-packages/colcon_core/task/python/colcon_distutils_commands:/home/theo/pyclops/ros_ws/install/robot_description/lib/python3.12/site-packages:${PYTHONPATH} /usr/bin/python3 -W ignore:setup.py install is deprecated -W ignore:easy_install command is deprecated setup.py develop --editable --build-directory /home/theo/pyclops/ros_ws/build/robot_description/build --no-deps symlink_data --force
[0.712s] INFO:colcon.colcon_core.shell:Creating environment hook '/home/theo/pyclops/ros_ws/build/robot_description/share/robot_description/hook/pythonpath_develop.ps1'
[0.713s] INFO:colcon.colcon_core.shell:Creating environment descriptor '/home/theo/pyclops/ros_ws/build/robot_description/share/robot_description/hook/pythonpath_develop.dsv'
[0.713s] INFO:colcon.colcon_core.shell:Creating environment hook '/home/theo/pyclops/ros_ws/build/robot_description/share/robot_description/hook/pythonpath_develop.sh'
[0.714s] Level 1:colcon.colcon_core.environment:checking '/home/theo/pyclops/ros_ws/install/robot_description' for CMake module files
[0.714s] Level 1:colcon.colcon_core.environment:checking '/home/theo/pyclops/ros_ws/install/robot_description' for CMake config files
[0.715s] Level 1:colcon.colcon_core.environment:checking '/home/theo/pyclops/ros_ws/install/robot_description/lib'
[0.715s] Level 1:colcon.colcon_core.environment:checking '/home/theo/pyclops/ros_ws/install/robot_description/bin'
[0.715s] Level 1:colcon.colcon_core.environment:checking '/home/theo/pyclops/ros_ws/install/robot_description/lib/pkgconfig/robot_description.pc'
[0.715s] Level 1:colcon.colcon_core.environment:checking '/home/theo/pyclops/ros_ws/install/robot_description/lib/python3.12/site-packages'
[0.715s] Level 1:colcon.colcon_core.shell:create_environment_hook('robot_description', 'pythonpath')
[0.715s] INFO:colcon.colcon_core.shell:Creating environment hook '/home/theo/pyclops/ros_ws/install/robot_description/share/robot_description/hook/pythonpath.ps1'
[0.715s] INFO:colcon.colcon_core.shell:Creating environment descriptor '/home/theo/pyclops/ros_ws/install/robot_description/share/robot_description/hook/pythonpath.dsv'
[0.715s] INFO:colcon.colcon_core.shell:Creating environment hook '/home/theo/pyclops/ros_ws/install/robot_description/share/robot_description/hook/pythonpath.sh'
[0.715s] Level 1:colcon.colcon_core.environment:checking '/home/theo/pyclops/ros_ws/install/robot_description/bin'
[0.715s] Level 1:colcon.colcon_core.environment:create_environment_scripts_only(robot_description)
[0.715s] INFO:colcon.colcon_core.shell:Creating package script '/home/theo/pyclops/ros_ws/install/robot_description/share/robot_description/package.ps1'
[0.716s] INFO:colcon.colcon_core.shell:Creating package descriptor '/home/theo/pyclops/ros_ws/install/robot_description/share/robot_description/package.dsv'
[0.716s] INFO:colcon.colcon_core.shell:Creating package script '/home/theo/pyclops/ros_ws/install/robot_description/share/robot_description/package.sh'
[0.716s] INFO:colcon.colcon_core.shell:Creating package script '/home/theo/pyclops/ros_ws/install/robot_description/share/robot_description/package.bash'
[0.716s] INFO:colcon.colcon_core.shell:Creating package script '/home/theo/pyclops/ros_ws/install/robot_description/share/robot_description/package.zsh'
[0.717s] Level 1:colcon.colcon_core.environment:create_file_with_runtime_dependencies(/home/theo/pyclops/ros_ws/install/robot_description/share/colcon-core/packages/robot_description)
[0.717s] Level 1:colcon.colcon_core.shell:create_environment_hook('pyclops_controller', 'pythonpath_develop')
[0.717s] DEBUG:colcon.colcon_core.event_handler.log_command:Invoked command in '/home/theo/pyclops/ros_ws/build/pyclops_controller' returned '0': CONDA_PROMPT_MODIFIER=(base) DEBUGINFOD_URLS=https://debuginfod.ubuntu.com PYTHONPATH=/home/theo/pyclops/ros_ws/build/pyclops_controller/prefix_override:/usr/lib/python3/dist-packages/colcon_core/task/python/colcon_distutils_commands:/home/theo/pyclops/ros_ws/install/pyclops_controller/lib/python3.12/site-packages:${PYTHONPATH} /usr/bin/python3 -W ignore:setup.py install is deprecated -W ignore:easy_install command is deprecated setup.py develop --editable --build-directory /home/theo/pyclops/ros_ws/build/pyclops_controller/build --no-deps symlink_data --force
[0.717s] INFO:colcon.colcon_core.shell:Creating environment hook '/home/theo/pyclops/ros_ws/build/pyclops_controller/share/pyclops_controller/hook/pythonpath_develop.ps1'
[0.718s] INFO:colcon.colcon_core.shell:Creating environment descriptor '/home/theo/pyclops/ros_ws/build/pyclops_controller/share/pyclops_controller/hook/pythonpath_develop.dsv'
[0.718s] INFO:colcon.colcon_core.shell:Creating environment hook '/home/theo/pyclops/ros_ws/build/pyclops_controller/share/pyclops_controller/hook/pythonpath_develop.sh'
[0.718s] Level 1:colcon.colcon_core.environment:checking '/home/theo/pyclops/ros_ws/install/pyclops_controller' for CMake module files
[0.718s] Level 1:colcon.colcon_core.environment:checking '/home/theo/pyclops/ros_ws/install/pyclops_controller' for CMake config files
[0.718s] Level 1:colcon.colcon_core.environment:checking '/home/theo/pyclops/ros_ws/install/pyclops_controller/lib'
[0.718s] Level 1:colcon.colcon_core.environment:checking '/home/theo/pyclops/ros_ws/install/pyclops_controller/bin'
[0.718s] Level 1:colcon.colcon_core.environment:checking '/home/theo/pyclops/ros_ws/install/pyclops_controller/lib/pkgconfig/pyclops_controller.pc'
[0.718s] Level 1:colcon.colcon_core.environment:checking '/home/theo/pyclops/ros_ws/install/pyclops_controller/lib/python3.12/site-packages'
[0.718s] Level 1:colcon.colcon_core.shell:create_environment_hook('pyclops_controller', 'pythonpath')
[0.719s] INFO:colcon.colcon_core.shell:Creating environment hook '/home/theo/pyclops/ros_ws/install/pyclops_controller/share/pyclops_controller/hook/pythonpath.ps1'
[0.719s] INFO:colcon.colcon_core.shell:Creating environment descriptor '/home/theo/pyclops/ros_ws/install/pyclops_controller/share/pyclops_controller/hook/pythonpath.dsv'
[0.719s] INFO:colcon.colcon_core.shell:Creating environment hook '/home/theo/pyclops/ros_ws/install/pyclops_controller/share/pyclops_controller/hook/pythonpath.sh'
[0.719s] Level 1:colcon.colcon_core.environment:checking '/home/theo/pyclops/ros_ws/install/pyclops_controller/bin'
[0.719s] Level 1:colcon.colcon_core.environment:create_environment_scripts_only(pyclops_controller)
[0.719s] INFO:colcon.colcon_core.shell:Creating package script '/home/theo/pyclops/ros_ws/install/pyclops_controller/share/pyclops_controller/package.ps1'
[0.719s] INFO:colcon.colcon_core.shell:Creating package descriptor '/home/theo/pyclops/ros_ws/install/pyclops_controller/share/pyclops_controller/package.dsv'
[0.719s] INFO:colcon.colcon_core.shell:Creating package script '/home/theo/pyclops/ros_ws/install/pyclops_controller/share/pyclops_controller/package.sh'
[0.720s] INFO:colcon.colcon_core.shell:Creating package script '/home/theo/pyclops/ros_ws/install/pyclops_controller/share/pyclops_controller/package.bash'
[0.720s] INFO:colcon.colcon_core.shell:Creating package script '/home/theo/pyclops/ros_ws/install/pyclops_controller/share/pyclops_controller/package.zsh'
[0.720s] Level 1:colcon.colcon_core.environment:create_file_with_runtime_dependencies(/home/theo/pyclops/ros_ws/install/pyclops_controller/share/colcon-core/packages/pyclops_controller)
[0.720s] INFO:colcon.colcon_ros.task.ament_python.build:Building ROS package in '/home/theo/pyclops/ros_ws/src/pyclops_launch' with build type 'ament_python'
[0.720s] Level 1:colcon.colcon_core.shell:create_environment_hook('pyclops_launch', 'ament_prefix_path')
[0.720s] INFO:colcon.colcon_core.shell:Creating environment hook '/home/theo/pyclops/ros_ws/install/pyclops_launch/share/pyclops_launch/hook/ament_prefix_path.ps1'
[0.720s] INFO:colcon.colcon_core.shell:Creating environment descriptor '/home/theo/pyclops/ros_ws/install/pyclops_launch/share/pyclops_launch/hook/ament_prefix_path.dsv'
[0.721s] INFO:colcon.colcon_core.shell:Creating environment hook '/home/theo/pyclops/ros_ws/install/pyclops_launch/share/pyclops_launch/hook/ament_prefix_path.sh'
[0.721s] INFO:colcon.colcon_core.shell:Skip shell extension 'powershell' for command environment: Not usable outside of PowerShell
[0.721s] DEBUG:colcon.colcon_core.shell:Skip shell extension 'dsv' for command environment
[0.806s] INFO:colcon.colcon_core.task.python.build:Building Python package in '/home/theo/pyclops/ros_ws/src/pyclops_launch'
[0.806s] INFO:colcon.colcon_core.shell:Skip shell extension 'powershell' for command environment: Not usable outside of PowerShell
[0.806s] DEBUG:colcon.colcon_core.shell:Skip shell extension 'dsv' for command environment
[1.011s] DEBUG:colcon.colcon_core.task.python.build:While undoing a previous installation files outside the Python library path are being ignored: /home/theo/pyclops/ros_ws/install/pyclops_launch/share/ament_index/resource_index/packages/pyclops_launch
[1.011s] DEBUG:colcon.colcon_core.task.python.build:While undoing a previous installation files outside the Python library path are being ignored: /home/theo/pyclops/ros_ws/install/pyclops_launch/share/pyclops_launch/package.xml
[1.011s] DEBUG:colcon.colcon_core.task.python.build:While undoing a previous installation files outside the Python library path are being ignored: /home/theo/pyclops/ros_ws/install/pyclops_launch/share/pyclops_launch/launch/pyclops.launch.py
[1.012s] DEBUG:colcon.colcon_core.event_handler.log_command:Invoking command in '/home/theo/pyclops/ros_ws/build/pyclops_launch': AMENT_PREFIX_PATH=/home/theo/pyclops/ros_ws/install/pyclops_controller:/home/theo/pyclops/ros_ws/install/robot_description:/home/theo/pyclops/ros_ws/src/install/pyclops_launch:/home/theo/pyclops/ros_ws/src/install/pyclops_controller:/home/theo/pyclops/ros_ws/install/pyclops_launch:/opt/ros/jazzy CONDA_PROMPT_MODIFIER=(base) DEBUGINFOD_URLS=https://debuginfod.ubuntu.com PYTHONPATH=/home/theo/pyclops/ros_ws/build/pyclops_launch/prefix_override:/usr/lib/python3/dist-packages/colcon_core/task/python/colcon_distutils_commands:/home/theo/pyclops/ros_ws/install/pyclops_launch/lib/python3.12/site-packages:/home/theo/pyclops/ros_ws/build/pyclops_controller:/home/theo/pyclops/ros_ws/install/pyclops_controller/lib/python3.12/site-packages:/home/theo/pyclops/ros_ws/build/robot_description:/home/theo/pyclops/ros_ws/install/robot_description/lib/python3.12/site-packages:/home/theo/pyclops/ros_ws/src/build/pyclops_launch:/home/theo/pyclops/ros_ws/src/install/pyclops_launch/lib/python3.12/site-packages:/home/theo/pyclops/ros_ws/src/build/pyclops_controller:/home/theo/pyclops/ros_ws/src/install/pyclops_controller/lib/python3.12/site-packages:/home/theo/pyclops/ros_ws/build/pyclops_launch:/home/theo/pyclops/ros_ws/install/pyclops_launch/lib/python3.12/site-packages:/opt/ros/jazzy/lib/python3.12/site-packages /usr/bin/python3 -W ignore:setup.py install is deprecated -W ignore:easy_install command is deprecated setup.py develop --editable --build-directory /home/theo/pyclops/ros_ws/build/pyclops_launch/build --no-deps symlink_data --force
[1.221s] Level 1:colcon.colcon_core.shell:create_environment_hook('pyclops_launch', 'pythonpath_develop')
[1.221s] INFO:colcon.colcon_core.shell:Creating environment hook '/home/theo/pyclops/ros_ws/build/pyclops_launch/share/pyclops_launch/hook/pythonpath_develop.ps1'
[1.221s] DEBUG:colcon.colcon_core.event_handler.log_command:Invoked command in '/home/theo/pyclops/ros_ws/build/pyclops_launch' returned '0': AMENT_PREFIX_PATH=/home/theo/pyclops/ros_ws/install/pyclops_controller:/home/theo/pyclops/ros_ws/install/robot_description:/home/theo/pyclops/ros_ws/src/install/pyclops_launch:/home/theo/pyclops/ros_ws/src/install/pyclops_controller:/home/theo/pyclops/ros_ws/install/pyclops_launch:/opt/ros/jazzy CONDA_PROMPT_MODIFIER=(base) DEBUGINFOD_URLS=https://debuginfod.ubuntu.com PYTHONPATH=/home/theo/pyclops/ros_ws/build/pyclops_launch/prefix_override:/usr/lib/python3/dist-packages/colcon_core/task/python/colcon_distutils_commands:/home/theo/pyclops/ros_ws/install/pyclops_launch/lib/python3.12/site-packages:/home/theo/pyclops/ros_ws/build/pyclops_controller:/home/theo/pyclops/ros_ws/install/pyclops_controller/lib/python3.12/site-packages:/home/theo/pyclops/ros_ws/build/robot_description:/home/theo/pyclops/ros_ws/install/robot_description/lib/python3.12/site-packages:/home/theo/pyclops/ros_ws/src/build/pyclops_launch:/home/theo/pyclops/ros_ws/src/install/pyclops_launch/lib/python3.12/site-packages:/home/theo/pyclops/ros_ws/src/build/pyclops_controller:/home/theo/pyclops/ros_ws/src/install/pyclops_controller/lib/python3.12/site-packages:/home/theo/pyclops/ros_ws/build/pyclops_launch:/home/theo/pyclops/ros_ws/install/pyclops_launch/lib/python3.12/site-packages:/opt/ros/jazzy/lib/python3.12/site-packages /usr/bin/python3 -W ignore:setup.py install is deprecated -W ignore:easy_install command is deprecated setup.py develop --editable --build-directory /home/theo/pyclops/ros_ws/build/pyclops_launch/build --no-deps symlink_data --force
[1.222s] INFO:colcon.colcon_core.shell:Creating environment descriptor '/home/theo/pyclops/ros_ws/build/pyclops_launch/share/pyclops_launch/hook/pythonpath_develop.dsv'
[1.222s] INFO:colcon.colcon_core.shell:Creating environment hook '/home/theo/pyclops/ros_ws/build/pyclops_launch/share/pyclops_launch/hook/pythonpath_develop.sh'
[1.222s] Level 1:colcon.colcon_core.environment:checking '/home/theo/pyclops/ros_ws/install/pyclops_launch' for CMake module files
[1.222s] Level 1:colcon.colcon_core.environment:checking '/home/theo/pyclops/ros_ws/install/pyclops_launch' for CMake config files
[1.223s] Level 1:colcon.colcon_core.environment:checking '/home/theo/pyclops/ros_ws/install/pyclops_launch/lib'
[1.223s] Level 1:colcon.colcon_core.environment:checking '/home/theo/pyclops/ros_ws/install/pyclops_launch/bin'
[1.223s] Level 1:colcon.colcon_core.environment:checking '/home/theo/pyclops/ros_ws/install/pyclops_launch/lib/pkgconfig/pyclops_launch.pc'
[1.223s] Level 1:colcon.colcon_core.environment:checking '/home/theo/pyclops/ros_ws/install/pyclops_launch/lib/python3.12/site-packages'
[1.223s] Level 1:colcon.colcon_core.shell:create_environment_hook('pyclops_launch', 'pythonpath')
[1.223s] INFO:colcon.colcon_core.shell:Creating environment hook '/home/theo/pyclops/ros_ws/install/pyclops_launch/share/pyclops_launch/hook/pythonpath.ps1'
[1.223s] INFO:colcon.colcon_core.shell:Creating environment descriptor '/home/theo/pyclops/ros_ws/install/pyclops_launch/share/pyclops_launch/hook/pythonpath.dsv'
[1.223s] INFO:colcon.colcon_core.shell:Creating environment hook '/home/theo/pyclops/ros_ws/install/pyclops_launch/share/pyclops_launch/hook/pythonpath.sh'
[1.223s] Level 1:colcon.colcon_core.environment:checking '/home/theo/pyclops/ros_ws/install/pyclops_launch/bin'
[1.223s] Level 1:colcon.colcon_core.environment:create_environment_scripts_only(pyclops_launch)
[1.224s] INFO:colcon.colcon_core.shell:Creating package script '/home/theo/pyclops/ros_ws/install/pyclops_launch/share/pyclops_launch/package.ps1'
[1.224s] INFO:colcon.colcon_core.shell:Creating package descriptor '/home/theo/pyclops/ros_ws/install/pyclops_launch/share/pyclops_launch/package.dsv'
[1.224s] INFO:colcon.colcon_core.shell:Creating package script '/home/theo/pyclops/ros_ws/install/pyclops_launch/share/pyclops_launch/package.sh'
[1.224s] INFO:colcon.colcon_core.shell:Creating package script '/home/theo/pyclops/ros_ws/install/pyclops_launch/share/pyclops_launch/package.bash'
[1.224s] INFO:colcon.colcon_core.shell:Creating package script '/home/theo/pyclops/ros_ws/install/pyclops_launch/share/pyclops_launch/package.zsh'
[1.224s] Level 1:colcon.colcon_core.environment:create_file_with_runtime_dependencies(/home/theo/pyclops/ros_ws/install/pyclops_launch/share/colcon-core/packages/pyclops_launch)
[1.225s] DEBUG:colcon.colcon_parallel_executor.executor.parallel:closing loop
[1.225s] DEBUG:colcon.colcon_parallel_executor.executor.parallel:loop closed
[1.225s] DEBUG:colcon.colcon_parallel_executor.executor.parallel:run_until_complete finished with '0'
[1.225s] DEBUG:colcon.colcon_core.event_reactor:joining thread
[1.228s] INFO:colcon.colcon_core.plugin_system:Skipping extension 'colcon_notification.desktop_notification.terminal_notifier': Not used on non-Darwin systems
[1.228s] INFO:colcon.colcon_core.plugin_system:Skipping extension 'colcon_notification.desktop_notification.win32': Not used on non-Windows systems
[1.228s] INFO:colcon.colcon_notification.desktop_notification:Sending desktop notification using 'notify2'
[1.237s] DEBUG:colcon.colcon_core.event_reactor:joined thread
[1.238s] INFO:colcon.colcon_core.shell:Creating prefix script '/home/theo/pyclops/ros_ws/install/local_setup.ps1'
[1.238s] INFO:colcon.colcon_core.shell:Creating prefix util module '/home/theo/pyclops/ros_ws/install/_local_setup_util_ps1.py'
[1.238s] INFO:colcon.colcon_core.shell:Creating prefix chain script '/home/theo/pyclops/ros_ws/install/setup.ps1'
[1.239s] INFO:colcon.colcon_core.shell:Creating prefix script '/home/theo/pyclops/ros_ws/install/local_setup.sh'
[1.239s] INFO:colcon.colcon_core.shell:Creating prefix util module '/home/theo/pyclops/ros_ws/install/_local_setup_util_sh.py'
[1.239s] INFO:colcon.colcon_core.shell:Creating prefix chain script '/home/theo/pyclops/ros_ws/install/setup.sh'
[1.240s] INFO:colcon.colcon_core.shell:Creating prefix script '/home/theo/pyclops/ros_ws/install/local_setup.bash'
[1.240s] INFO:colcon.colcon_core.shell:Creating prefix chain script '/home/theo/pyclops/ros_ws/install/setup.bash'
[1.241s] INFO:colcon.colcon_core.shell:Creating prefix script '/home/theo/pyclops/ros_ws/install/local_setup.zsh'
[1.241s] INFO:colcon.colcon_core.shell:Creating prefix chain script '/home/theo/pyclops/ros_ws/install/setup.zsh'
