[0.352s] Invoking command in '/home/theo/pyclops/ros_ws/build/robot_description': CONDA_PROMPT_MODIFIER=(base) DEBUGINFOD_URLS=https://debuginfod.ubuntu.com PYTHONPATH=/home/theo/pyclops/ros_ws/build/robot_description/prefix_override:/usr/lib/python3/dist-packages/colcon_core/task/python/colcon_distutils_commands:/home/theo/pyclops/ros_ws/install/robot_description/lib/python3.12/site-packages:${PYTHONPATH} /usr/bin/python3 -W ignore:setup.py install is deprecated -W ignore:easy_install command is deprecated setup.py develop --editable --build-directory /home/theo/pyclops/ros_ws/build/robot_description/build --no-deps symlink_data --force
[0.458s] running develop
[0.517s] running egg_info
[0.523s] writing robot_description.egg-info/PKG-INFO
[0.523s] writing dependency_links to robot_description.egg-info/dependency_links.txt
[0.523s] writing requirements to robot_description.egg-info/requires.txt
[0.524s] writing top-level names to robot_description.egg-info/top_level.txt
[0.536s] reading manifest file 'robot_description.egg-info/SOURCES.txt'
[0.536s] writing manifest file 'robot_description.egg-info/SOURCES.txt'
[0.543s] running build_ext
[0.543s] Creating /home/theo/pyclops/ros_ws/install/robot_description/lib/python3.12/site-packages/robot-description.egg-link (link to .)
[0.543s] 
[0.543s] Installed /home/theo/pyclops/ros_ws/build/robot_description
[0.543s] running symlink_data
[0.543s] symbolically linking /home/theo/pyclops/ros_ws/build/robot_description/resource/robot_description -> /home/theo/pyclops/ros_ws/install/robot_description/share/ament_index/resource_index/packages
[0.543s] symbolically linking /home/theo/pyclops/ros_ws/build/robot_description/package.xml -> /home/theo/pyclops/ros_ws/install/robot_description/share/robot_description
[0.543s] symbolically linking /home/theo/pyclops/ros_ws/build/robot_description/urdf/robot.urdf -> /home/theo/pyclops/ros_ws/install/robot_description/share/robot_description/urdf
[0.543s] symbolically linking /home/theo/pyclops/ros_ws/build/robot_description/assets/body.stl -> /home/theo/pyclops/ros_ws/install/robot_description/share/robot_description/assets
[0.544s] symbolically linking /home/theo/pyclops/ros_ws/build/robot_description/assets/right_wheel.stl -> /home/theo/pyclops/ros_ws/install/robot_description/share/robot_description/assets
[0.544s] symbolically linking /home/theo/pyclops/ros_ws/build/robot_description/assets/left_wheel.stl -> /home/theo/pyclops/ros_ws/install/robot_description/share/robot_description/assets
[0.559s] Invoked command in '/home/theo/pyclops/ros_ws/build/robot_description' returned '0': CONDA_PROMPT_MODIFIER=(base) DEBUGINFOD_URLS=https://debuginfod.ubuntu.com PYTHONPATH=/home/theo/pyclops/ros_ws/build/robot_description/prefix_override:/usr/lib/python3/dist-packages/colcon_core/task/python/colcon_distutils_commands:/home/theo/pyclops/ros_ws/install/robot_description/lib/python3.12/site-packages:${PYTHONPATH} /usr/bin/python3 -W ignore:setup.py install is deprecated -W ignore:easy_install command is deprecated setup.py develop --editable --build-directory /home/theo/pyclops/ros_ws/build/robot_description/build --no-deps symlink_data --force
