[0.353s] Invoking command in '/home/theo/pyclops/ros_ws/src/robot_description': CONDA_PROMPT_MODIFIER=(base) DEBUGINFOD_URLS=https://debuginfod.ubuntu.com PYTHONPATH=/home/theo/pyclops/ros_ws/build/robot_description/prefix_override:/usr/lib/python3/dist-packages/colcon_core/task/python/colcon_distutils_commands:/home/theo/pyclops/ros_ws/install/robot_description/lib/python3.12/site-packages:${PYTHONPATH} /usr/bin/python3 -W ignore:setup.py install is deprecated -W ignore:easy_install command is deprecated setup.py egg_info --egg-base ../../build/robot_description build --build-base /home/theo/pyclops/ros_ws/build/robot_description/build install --record /home/theo/pyclops/ros_ws/build/robot_description/install.log --single-version-externally-managed install_data
[0.440s] running egg_info
[0.446s] writing ../../build/robot_description/robot_description.egg-info/PKG-INFO
[0.446s] writing dependency_links to ../../build/robot_description/robot_description.egg-info/dependency_links.txt
[0.446s] writing requirements to ../../build/robot_description/robot_description.egg-info/requires.txt
[0.446s] writing top-level names to ../../build/robot_description/robot_description.egg-info/top_level.txt
[0.458s] reading manifest file '../../build/robot_description/robot_description.egg-info/SOURCES.txt'
[0.458s] writing manifest file '../../build/robot_description/robot_description.egg-info/SOURCES.txt'
[0.458s] running build
[0.458s] running build_py
[0.458s] running install
[0.461s] running install_lib
[0.467s] running install_data
[0.467s] copying resource/robot_description -> /home/theo/pyclops/ros_ws/install/robot_description/share/ament_index/resource_index/packages
[0.467s] copying package.xml -> /home/theo/pyclops/ros_ws/install/robot_description/share/robot_description
[0.467s] creating /home/theo/pyclops/ros_ws/install/robot_description/share/robot_description/launch
[0.467s] creating /home/theo/pyclops/ros_ws/install/robot_description/share/robot_description/urdf
[0.467s] copying urdf/robot.urdf -> /home/theo/pyclops/ros_ws/install/robot_description/share/robot_description/urdf
[0.467s] creating /home/theo/pyclops/ros_ws/install/robot_description/share/robot_description/assets
[0.467s] running install_egg_info
[0.473s] Copying ../../build/robot_description/robot_description.egg-info to /home/theo/pyclops/ros_ws/install/robot_description/lib/python3.12/site-packages/robot_description-0.0.0-py3.12.egg-info
[0.473s] running install_scripts
[0.517s] writing list of installed files to '/home/theo/pyclops/ros_ws/build/robot_description/install.log'
[0.531s] Invoked command in '/home/theo/pyclops/ros_ws/src/robot_description' returned '0': CONDA_PROMPT_MODIFIER=(base) DEBUGINFOD_URLS=https://debuginfod.ubuntu.com PYTHONPATH=/home/theo/pyclops/ros_ws/build/robot_description/prefix_override:/usr/lib/python3/dist-packages/colcon_core/task/python/colcon_distutils_commands:/home/theo/pyclops/ros_ws/install/robot_description/lib/python3.12/site-packages:${PYTHONPATH} /usr/bin/python3 -W ignore:setup.py install is deprecated -W ignore:easy_install command is deprecated setup.py egg_info --egg-base ../../build/robot_description build --build-base /home/theo/pyclops/ros_ws/build/robot_description/build install --record /home/theo/pyclops/ros_ws/build/robot_description/install.log --single-version-externally-managed install_data
