running egg_info
writing ../../build/pyclops_controller/pyclops_controller.egg-info/PKG-INFO
writing dependency_links to ../../build/pyclops_controller/pyclops_controller.egg-info/dependency_links.txt
writing entry points to ../../build/pyclops_controller/pyclops_controller.egg-info/entry_points.txt
writing requirements to ../../build/pyclops_controller/pyclops_controller.egg-info/requires.txt
writing top-level names to ../../build/pyclops_controller/pyclops_controller.egg-info/top_level.txt
reading manifest file '../../build/pyclops_controller/pyclops_controller.egg-info/SOURCES.txt'
writing manifest file '../../build/pyclops_controller/pyclops_controller.egg-info/SOURCES.txt'
running build
running build_py
running install
running install_lib
running install_data
running install_egg_info
removing '/home/theo/pyclops/ros_ws/install/pyclops_controller/lib/python3.12/site-packages/pyclops_controller-0.0.0-py3.12.egg-info' (and everything under it)
Copying ../../build/pyclops_controller/pyclops_controller.egg-info to /home/theo/pyclops/ros_ws/install/pyclops_controller/lib/python3.12/site-packages/pyclops_controller-0.0.0-py3.12.egg-info
running install_scripts
Installing drive_node script to /home/theo/pyclops/ros_ws/install/pyclops_controller/lib/pyclops_controller
Installing teleop_node script to /home/theo/pyclops/ros_ws/install/pyclops_controller/lib/pyclops_controller
writing list of installed files to '/home/theo/pyclops/ros_ws/build/pyclops_controller/install.log'
