[0.375s] Invoking command in '/home/theo/pyclops/ros_ws/build/pyclops_controller': CONDA_PROMPT_MODIFIER=(base) DEBUGINFOD_URLS=https://debuginfod.ubuntu.com PYTHONPATH=/home/theo/pyclops/ros_ws/build/pyclops_controller/prefix_override:/usr/lib/python3/dist-packages/colcon_core/task/python/colcon_distutils_commands:/home/theo/pyclops/ros_ws/install/pyclops_controller/lib/python3.12/site-packages:${PYTHONPATH} /usr/bin/python3 -W ignore:setup.py install is deprecated -W ignore:easy_install command is deprecated setup.py develop --editable --build-directory /home/theo/pyclops/ros_ws/build/pyclops_controller/build --no-deps symlink_data
[0.489s] running develop
[0.552s] running egg_info
[0.552s] creating pyclops_controller.egg-info
[0.558s] writing pyclops_controller.egg-info/PKG-INFO
[0.558s] writing dependency_links to pyclops_controller.egg-info/dependency_links.txt
[0.558s] writing entry points to pyclops_controller.egg-info/entry_points.txt
[0.558s] writing requirements to pyclops_controller.egg-info/requires.txt
[0.558s] writing top-level names to pyclops_controller.egg-info/top_level.txt
[0.558s] writing manifest file 'pyclops_controller.egg-info/SOURCES.txt'
[0.571s] reading manifest file 'pyclops_controller.egg-info/SOURCES.txt'
[0.571s] writing manifest file 'pyclops_controller.egg-info/SOURCES.txt'
[0.578s] running build_ext
[0.578s] Creating /home/theo/pyclops/ros_ws/install/pyclops_controller/lib/python3.12/site-packages/pyclops-controller.egg-link (link to .)
[0.578s] Installing drive_node script to /home/theo/pyclops/ros_ws/install/pyclops_controller/lib/pyclops_controller
[0.578s] Installing teleop_node script to /home/theo/pyclops/ros_ws/install/pyclops_controller/lib/pyclops_controller
[0.578s] 
[0.578s] Installed /home/theo/pyclops/ros_ws/build/pyclops_controller
[0.578s] running symlink_data
[0.578s] creating /home/theo/pyclops/ros_ws/install/pyclops_controller/share/ament_index
[0.578s] creating /home/theo/pyclops/ros_ws/install/pyclops_controller/share/ament_index/resource_index
[0.578s] creating /home/theo/pyclops/ros_ws/install/pyclops_controller/share/ament_index/resource_index/packages
[0.578s] symbolically linking /home/theo/pyclops/ros_ws/build/pyclops_controller/resource/pyclops_controller -> /home/theo/pyclops/ros_ws/install/pyclops_controller/share/ament_index/resource_index/packages
[0.578s] symbolically linking /home/theo/pyclops/ros_ws/build/pyclops_controller/package.xml -> /home/theo/pyclops/ros_ws/install/pyclops_controller/share/pyclops_controller
[0.600s] Invoked command in '/home/theo/pyclops/ros_ws/build/pyclops_controller' returned '0': CONDA_PROMPT_MODIFIER=(base) DEBUGINFOD_URLS=https://debuginfod.ubuntu.com PYTHONPATH=/home/theo/pyclops/ros_ws/build/pyclops_controller/prefix_override:/usr/lib/python3/dist-packages/colcon_core/task/python/colcon_distutils_commands:/home/theo/pyclops/ros_ws/install/pyclops_controller/lib/python3.12/site-packages:${PYTHONPATH} /usr/bin/python3 -W ignore:setup.py install is deprecated -W ignore:easy_install command is deprecated setup.py develop --editable --build-directory /home/theo/pyclops/ros_ws/build/pyclops_controller/build --no-deps symlink_data
