[0.263s] Invoking command in '/home/theo/pyclops/ros_ws/src/pyclops_controller': DEBUGINFOD_URLS=https://debuginfod.ubuntu.com PYTHONPATH=/home/theo/pyclops/ros_ws/build/pyclops_controller/prefix_override:/usr/lib/python3/dist-packages/colcon_core/task/python/colcon_distutils_commands:/home/theo/pyclops/ros_ws/install/pyclops_controller/lib/python3.12/site-packages:${PYTHONPATH} /usr/bin/python3 -W ignore:setup.py install is deprecated -W ignore:easy_install command is deprecated setup.py egg_info --egg-base ../../build/pyclops_controller build --build-base /home/theo/pyclops/ros_ws/build/pyclops_controller/build install --record /home/theo/pyclops/ros_ws/build/pyclops_controller/install.log --single-version-externally-managed install_data
[0.346s] running egg_info
[0.347s] creating ../../build/pyclops_controller/pyclops_controller.egg-info
[0.352s] writing ../../build/pyclops_controller/pyclops_controller.egg-info/PKG-INFO
[0.352s] writing dependency_links to ../../build/pyclops_controller/pyclops_controller.egg-info/dependency_links.txt
[0.352s] writing entry points to ../../build/pyclops_controller/pyclops_controller.egg-info/entry_points.txt
[0.352s] writing requirements to ../../build/pyclops_controller/pyclops_controller.egg-info/requires.txt
[0.352s] writing top-level names to ../../build/pyclops_controller/pyclops_controller.egg-info/top_level.txt
[0.352s] writing manifest file '../../build/pyclops_controller/pyclops_controller.egg-info/SOURCES.txt'
[0.363s] reading manifest file '../../build/pyclops_controller/pyclops_controller.egg-info/SOURCES.txt'
[0.363s] writing manifest file '../../build/pyclops_controller/pyclops_controller.egg-info/SOURCES.txt'
[0.363s] running build
[0.363s] running build_py
[0.363s] creating /home/theo/pyclops/ros_ws/build/pyclops_controller/build
[0.363s] creating /home/theo/pyclops/ros_ws/build/pyclops_controller/build/lib
[0.363s] creating /home/theo/pyclops/ros_ws/build/pyclops_controller/build/lib/pyclops_controller
[0.363s] copying pyclops_controller/__init__.py -> /home/theo/pyclops/ros_ws/build/pyclops_controller/build/lib/pyclops_controller
[0.363s] running install
[0.366s] running install_lib
[0.371s] creating /home/theo/pyclops/ros_ws/install/pyclops_controller/lib/python3.12/site-packages/pyclops_controller
[0.371s] copying /home/theo/pyclops/ros_ws/build/pyclops_controller/build/lib/pyclops_controller/__init__.py -> /home/theo/pyclops/ros_ws/install/pyclops_controller/lib/python3.12/site-packages/pyclops_controller
[0.371s] byte-compiling /home/theo/pyclops/ros_ws/install/pyclops_controller/lib/python3.12/site-packages/pyclops_controller/__init__.py to __init__.cpython-312.pyc
[0.372s] running install_data
[0.372s] creating /home/theo/pyclops/ros_ws/install/pyclops_controller/share/ament_index
[0.372s] creating /home/theo/pyclops/ros_ws/install/pyclops_controller/share/ament_index/resource_index
[0.372s] creating /home/theo/pyclops/ros_ws/install/pyclops_controller/share/ament_index/resource_index/packages
[0.372s] copying resource/pyclops_controller -> /home/theo/pyclops/ros_ws/install/pyclops_controller/share/ament_index/resource_index/packages
[0.372s] copying package.xml -> /home/theo/pyclops/ros_ws/install/pyclops_controller/share/pyclops_controller
[0.372s] running install_egg_info
[0.378s] Copying ../../build/pyclops_controller/pyclops_controller.egg-info to /home/theo/pyclops/ros_ws/install/pyclops_controller/lib/python3.12/site-packages/pyclops_controller-0.0.0-py3.12.egg-info
[0.378s] running install_scripts
[0.418s] Installing test_node script to /home/theo/pyclops/ros_ws/install/pyclops_controller/lib/pyclops_controller
[0.418s] writing list of installed files to '/home/theo/pyclops/ros_ws/build/pyclops_controller/install.log'
[0.430s] Invoked command in '/home/theo/pyclops/ros_ws/src/pyclops_controller' returned '0': DEBUGINFOD_URLS=https://debuginfod.ubuntu.com PYTHONPATH=/home/theo/pyclops/ros_ws/build/pyclops_controller/prefix_override:/usr/lib/python3/dist-packages/colcon_core/task/python/colcon_distutils_commands:/home/theo/pyclops/ros_ws/install/pyclops_controller/lib/python3.12/site-packages:${PYTHONPATH} /usr/bin/python3 -W ignore:setup.py install is deprecated -W ignore:easy_install command is deprecated setup.py egg_info --egg-base ../../build/pyclops_controller build --build-base /home/theo/pyclops/ros_ws/build/pyclops_controller/build install --record /home/theo/pyclops/ros_ws/build/pyclops_controller/install.log --single-version-externally-managed install_data
