[0.354s] Invoking command in '/home/theo/pyclops/ros_ws/src/robot_description': CONDA_PROMPT_MODIFIER=(base) DEBUGINFOD_URLS=https://debuginfod.ubuntu.com PYTHONPATH=/home/theo/pyclops/ros_ws/build/robot_description/prefix_override:/usr/lib/python3/dist-packages/colcon_core/task/python/colcon_distutils_commands:/home/theo/pyclops/ros_ws/install/robot_description/lib/python3.12/site-packages:${PYTHONPATH} /usr/bin/python3 -W ignore:setup.py install is deprecated -W ignore:easy_install command is deprecated setup.py egg_info --egg-base ../../build/robot_description build --build-base /home/theo/pyclops/ros_ws/build/robot_description/build install --record /home/theo/pyclops/ros_ws/build/robot_description/install.log --single-version-externally-managed install_data
[0.442s] running egg_info
[0.448s] writing ../../build/robot_description/robot_description.egg-info/PKG-INFO
[0.448s] writing dependency_links to ../../build/robot_description/robot_description.egg-info/dependency_links.txt
[0.448s] writing requirements to ../../build/robot_description/robot_description.egg-info/requires.txt
[0.448s] writing top-level names to ../../build/robot_description/robot_description.egg-info/top_level.txt
[0.460s] reading manifest file '../../build/robot_description/robot_description.egg-info/SOURCES.txt'
[0.460s] writing manifest file '../../build/robot_description/robot_description.egg-info/SOURCES.txt'
[0.460s] running build
[0.460s] running build_py
[0.460s] running install
[0.463s] running install_lib
[0.468s] running install_data
[0.469s] copying urdf/robot.urdf -> /home/theo/pyclops/ros_ws/install/robot_description/share/robot_description/urdf
[0.469s] running install_egg_info
[0.475s] removing '/home/theo/pyclops/ros_ws/install/robot_description/lib/python3.12/site-packages/robot_description-0.0.0-py3.12.egg-info' (and everything under it)
[0.475s] Copying ../../build/robot_description/robot_description.egg-info to /home/theo/pyclops/ros_ws/install/robot_description/lib/python3.12/site-packages/robot_description-0.0.0-py3.12.egg-info
[0.475s] running install_scripts
[0.519s] writing list of installed files to '/home/theo/pyclops/ros_ws/build/robot_description/install.log'
[0.536s] Invoked command in '/home/theo/pyclops/ros_ws/src/robot_description' returned '0': CONDA_PROMPT_MODIFIER=(base) DEBUGINFOD_URLS=https://debuginfod.ubuntu.com PYTHONPATH=/home/theo/pyclops/ros_ws/build/robot_description/prefix_override:/usr/lib/python3/dist-packages/colcon_core/task/python/colcon_distutils_commands:/home/theo/pyclops/ros_ws/install/robot_description/lib/python3.12/site-packages:${PYTHONPATH} /usr/bin/python3 -W ignore:setup.py install is deprecated -W ignore:easy_install command is deprecated setup.py egg_info --egg-base ../../build/robot_description build --build-base /home/theo/pyclops/ros_ws/build/robot_description/build install --record /home/theo/pyclops/ros_ws/build/robot_description/install.log --single-version-externally-managed install_data
