[0.281s] Invoking command in '/home/theo/pyclops/ros_ws/build/pyclops_launch': AMENT_PREFIX_PATH=/home/theo/pyclops/ros_ws/install/pyclops_controller:/home/theo/pyclops/ros_ws/install/robot_description:/home/theo/pyclops/ros_ws/install/pyclops_launch:/opt/ros/jazzy CONDA_PROMPT_MODIFIER=(base) DEBUGINFOD_URLS=https://debuginfod.ubuntu.com PYTHONPATH=/home/theo/pyclops/ros_ws/build/pyclops_launch/prefix_override:/usr/lib/python3/dist-packages/colcon_core/task/python/colcon_distutils_commands:/home/theo/pyclops/ros_ws/install/pyclops_launch/lib/python3.12/site-packages:/home/theo/pyclops/ros_ws/install/pyclops_controller/lib/python3.12/site-packages:/home/theo/pyclops/ros_ws/build/robot_description:/home/theo/pyclops/ros_ws/install/robot_description/lib/python3.12/site-packages:/home/theo/pyclops/ros_ws/build/pyclops_launch:/home/theo/pyclops/ros_ws/install/pyclops_launch/lib/python3.12/site-packages:/home/theo/pyclops/ros_ws/build/pyclops_controller:/opt/ros/jazzy/lib/python3.12/site-packages /usr/bin/python3 -W ignore:setup.py install is deprecated -W ignore:easy_install command is deprecated setup.py develop --uninstall --editable --build-directory /home/theo/pyclops/ros_ws/build/pyclops_launch/build
[0.387s] running develop
[0.449s] Removing /home/theo/pyclops/ros_ws/install/pyclops_launch/lib/python3.12/site-packages/pyclops-launch.egg-link (link to .)
[0.464s] Invoked command in '/home/theo/pyclops/ros_ws/build/pyclops_launch' returned '0': AMENT_PREFIX_PATH=/home/theo/pyclops/ros_ws/install/pyclops_controller:/home/theo/pyclops/ros_ws/install/robot_description:/home/theo/pyclops/ros_ws/install/pyclops_launch:/opt/ros/jazzy CONDA_PROMPT_MODIFIER=(base) DEBUGINFOD_URLS=https://debuginfod.ubuntu.com PYTHONPATH=/home/theo/pyclops/ros_ws/build/pyclops_launch/prefix_override:/usr/lib/python3/dist-packages/colcon_core/task/python/colcon_distutils_commands:/home/theo/pyclops/ros_ws/install/pyclops_launch/lib/python3.12/site-packages:/home/theo/pyclops/ros_ws/install/pyclops_controller/lib/python3.12/site-packages:/home/theo/pyclops/ros_ws/build/robot_description:/home/theo/pyclops/ros_ws/install/robot_description/lib/python3.12/site-packages:/home/theo/pyclops/ros_ws/build/pyclops_launch:/home/theo/pyclops/ros_ws/install/pyclops_launch/lib/python3.12/site-packages:/home/theo/pyclops/ros_ws/build/pyclops_controller:/opt/ros/jazzy/lib/python3.12/site-packages /usr/bin/python3 -W ignore:setup.py install is deprecated -W ignore:easy_install command is deprecated setup.py develop --uninstall --editable --build-directory /home/theo/pyclops/ros_ws/build/pyclops_launch/build
[0.465s] Invoking command in '/home/theo/pyclops/ros_ws/src/pyclops_launch': AMENT_PREFIX_PATH=/home/theo/pyclops/ros_ws/install/pyclops_controller:/home/theo/pyclops/ros_ws/install/robot_description:/home/theo/pyclops/ros_ws/install/pyclops_launch:/opt/ros/jazzy CONDA_PROMPT_MODIFIER=(base) DEBUGINFOD_URLS=https://debuginfod.ubuntu.com PYTHONPATH=/home/theo/pyclops/ros_ws/build/pyclops_launch/prefix_override:/usr/lib/python3/dist-packages/colcon_core/task/python/colcon_distutils_commands:/home/theo/pyclops/ros_ws/install/pyclops_launch/lib/python3.12/site-packages:/home/theo/pyclops/ros_ws/install/pyclops_controller/lib/python3.12/site-packages:/home/theo/pyclops/ros_ws/build/robot_description:/home/theo/pyclops/ros_ws/install/robot_description/lib/python3.12/site-packages:/home/theo/pyclops/ros_ws/build/pyclops_launch:/home/theo/pyclops/ros_ws/install/pyclops_launch/lib/python3.12/site-packages:/home/theo/pyclops/ros_ws/build/pyclops_controller:/opt/ros/jazzy/lib/python3.12/site-packages /usr/bin/python3 -W ignore:setup.py install is deprecated -W ignore:easy_install command is deprecated setup.py egg_info --egg-base ../../build/pyclops_launch build --build-base /home/theo/pyclops/ros_ws/build/pyclops_launch/build install --record /home/theo/pyclops/ros_ws/build/pyclops_launch/install.log --single-version-externally-managed install_data --force
[0.553s] running egg_info
[0.558s] writing ../../build/pyclops_launch/pyclops_launch.egg-info/PKG-INFO
[0.558s] writing dependency_links to ../../build/pyclops_launch/pyclops_launch.egg-info/dependency_links.txt
[0.558s] writing requirements to ../../build/pyclops_launch/pyclops_launch.egg-info/requires.txt
[0.558s] writing top-level names to ../../build/pyclops_launch/pyclops_launch.egg-info/top_level.txt
[0.570s] reading manifest file '../../build/pyclops_launch/pyclops_launch.egg-info/SOURCES.txt'
[0.570s] writing manifest file '../../build/pyclops_launch/pyclops_launch.egg-info/SOURCES.txt'
[0.570s] running build
[0.570s] running build_py
[0.570s] running install
[0.573s] running install_lib
[0.578s] copying /home/theo/pyclops/ros_ws/build/pyclops_launch/build/lib/pyclops_launch/__init__.py -> /home/theo/pyclops/ros_ws/install/pyclops_launch/lib/python3.12/site-packages/pyclops_launch
[0.578s] byte-compiling /home/theo/pyclops/ros_ws/install/pyclops_launch/lib/python3.12/site-packages/pyclops_launch/__init__.py to __init__.cpython-312.pyc
[0.578s] running install_data
[0.579s] copying resource/pyclops_launch -> /home/theo/pyclops/ros_ws/install/pyclops_launch/share/ament_index/resource_index/packages
[0.579s] copying package.xml -> /home/theo/pyclops/ros_ws/install/pyclops_launch/share/pyclops_launch
[0.579s] copying launch/pyclops.launch.py -> /home/theo/pyclops/ros_ws/install/pyclops_launch/share/pyclops_launch/launch
[0.579s] running install_egg_info
[0.585s] Copying ../../build/pyclops_launch/pyclops_launch.egg-info to /home/theo/pyclops/ros_ws/install/pyclops_launch/lib/python3.12/site-packages/pyclops_launch-0.0.0-py3.12.egg-info
[0.585s] running install_scripts
[0.627s] writing list of installed files to '/home/theo/pyclops/ros_ws/build/pyclops_launch/install.log'
[0.639s] Invoked command in '/home/theo/pyclops/ros_ws/src/pyclops_launch' returned '0': AMENT_PREFIX_PATH=/home/theo/pyclops/ros_ws/install/pyclops_controller:/home/theo/pyclops/ros_ws/install/robot_description:/home/theo/pyclops/ros_ws/install/pyclops_launch:/opt/ros/jazzy CONDA_PROMPT_MODIFIER=(base) DEBUGINFOD_URLS=https://debuginfod.ubuntu.com PYTHONPATH=/home/theo/pyclops/ros_ws/build/pyclops_launch/prefix_override:/usr/lib/python3/dist-packages/colcon_core/task/python/colcon_distutils_commands:/home/theo/pyclops/ros_ws/install/pyclops_launch/lib/python3.12/site-packages:/home/theo/pyclops/ros_ws/install/pyclops_controller/lib/python3.12/site-packages:/home/theo/pyclops/ros_ws/build/robot_description:/home/theo/pyclops/ros_ws/install/robot_description/lib/python3.12/site-packages:/home/theo/pyclops/ros_ws/build/pyclops_launch:/home/theo/pyclops/ros_ws/install/pyclops_launch/lib/python3.12/site-packages:/home/theo/pyclops/ros_ws/build/pyclops_controller:/opt/ros/jazzy/lib/python3.12/site-packages /usr/bin/python3 -W ignore:setup.py install is deprecated -W ignore:easy_install command is deprecated setup.py egg_info --egg-base ../../build/pyclops_launch build --build-base /home/theo/pyclops/ros_ws/build/pyclops_launch/build install --record /home/theo/pyclops/ros_ws/build/pyclops_launch/install.log --single-version-externally-managed install_data --force
