[0.284s] Invoking command in '/home/theo/pyclops/ros_ws/src/pyclops_launch': AMENT_PREFIX_PATH=/home/theo/pyclops/ros_ws/install/pyclops_controller:/home/theo/pyclops/ros_ws/install/robot_description:/home/theo/pyclops/ros_ws/src/install/pyclops_launch:/home/theo/pyclops/ros_ws/src/install/pyclops_controller:/home/theo/pyclops/ros_ws/install/pyclops_launch:/opt/ros/jazzy CONDA_PROMPT_MODIFIER=(base) DEBUGINFOD_URLS=https://debuginfod.ubuntu.com PYTHONPATH=/home/theo/pyclops/ros_ws/build/pyclops_launch/prefix_override:/usr/lib/python3/dist-packages/colcon_core/task/python/colcon_distutils_commands:/home/theo/pyclops/ros_ws/install/pyclops_launch/lib/python3.12/site-packages:/home/theo/pyclops/ros_ws/install/pyclops_controller/lib/python3.12/site-packages:/home/theo/pyclops/ros_ws/install/robot_description/lib/python3.12/site-packages:/home/theo/pyclops/ros_ws/src/build/pyclops_launch:/home/theo/pyclops/ros_ws/src/install/pyclops_launch/lib/python3.12/site-packages:/home/theo/pyclops/ros_ws/src/build/pyclops_controller:/home/theo/pyclops/ros_ws/src/install/pyclops_controller/lib/python3.12/site-packages:/home/theo/pyclops/ros_ws/build/pyclops_launch:/home/theo/pyclops/ros_ws/install/pyclops_launch/lib/python3.12/site-packages:/home/theo/pyclops/ros_ws/build/pyclops_controller:/opt/ros/jazzy/lib/python3.12/site-packages /usr/bin/python3 -W ignore:setup.py install is deprecated -W ignore:easy_install command is deprecated setup.py egg_info --egg-base ../../build/pyclops_launch build --build-base /home/theo/pyclops/ros_ws/build/pyclops_launch/build install --record /home/theo/pyclops/ros_ws/build/pyclops_launch/install.log --single-version-externally-managed install_data
[0.366s] running egg_info
[0.372s] writing ../../build/pyclops_launch/pyclops_launch.egg-info/PKG-INFO
[0.372s] writing dependency_links to ../../build/pyclops_launch/pyclops_launch.egg-info/dependency_links.txt
[0.372s] writing requirements to ../../build/pyclops_launch/pyclops_launch.egg-info/requires.txt
[0.372s] writing top-level names to ../../build/pyclops_launch/pyclops_launch.egg-info/top_level.txt
[0.382s] reading manifest file '../../build/pyclops_launch/pyclops_launch.egg-info/SOURCES.txt'
[0.383s] writing manifest file '../../build/pyclops_launch/pyclops_launch.egg-info/SOURCES.txt'
[0.383s] running build
[0.383s] running build_py
[0.383s] running install
[0.385s] running install_lib
[0.391s] running install_data
[0.391s] copying launch/pyclops.launch.py -> /home/theo/pyclops/ros_ws/install/pyclops_launch/share/pyclops_launch/launch
[0.391s] running install_egg_info
[0.397s] removing '/home/theo/pyclops/ros_ws/install/pyclops_launch/lib/python3.12/site-packages/pyclops_launch-0.0.0-py3.12.egg-info' (and everything under it)
[0.398s] Copying ../../build/pyclops_launch/pyclops_launch.egg-info to /home/theo/pyclops/ros_ws/install/pyclops_launch/lib/python3.12/site-packages/pyclops_launch-0.0.0-py3.12.egg-info
[0.398s] running install_scripts
[0.438s] writing list of installed files to '/home/theo/pyclops/ros_ws/build/pyclops_launch/install.log'
[0.449s] Invoked command in '/home/theo/pyclops/ros_ws/src/pyclops_launch' returned '0': AMENT_PREFIX_PATH=/home/theo/pyclops/ros_ws/install/pyclops_controller:/home/theo/pyclops/ros_ws/install/robot_description:/home/theo/pyclops/ros_ws/src/install/pyclops_launch:/home/theo/pyclops/ros_ws/src/install/pyclops_controller:/home/theo/pyclops/ros_ws/install/pyclops_launch:/opt/ros/jazzy CONDA_PROMPT_MODIFIER=(base) DEBUGINFOD_URLS=https://debuginfod.ubuntu.com PYTHONPATH=/home/theo/pyclops/ros_ws/build/pyclops_launch/prefix_override:/usr/lib/python3/dist-packages/colcon_core/task/python/colcon_distutils_commands:/home/theo/pyclops/ros_ws/install/pyclops_launch/lib/python3.12/site-packages:/home/theo/pyclops/ros_ws/install/pyclops_controller/lib/python3.12/site-packages:/home/theo/pyclops/ros_ws/install/robot_description/lib/python3.12/site-packages:/home/theo/pyclops/ros_ws/src/build/pyclops_launch:/home/theo/pyclops/ros_ws/src/install/pyclops_launch/lib/python3.12/site-packages:/home/theo/pyclops/ros_ws/src/build/pyclops_controller:/home/theo/pyclops/ros_ws/src/install/pyclops_controller/lib/python3.12/site-packages:/home/theo/pyclops/ros_ws/build/pyclops_launch:/home/theo/pyclops/ros_ws/install/pyclops_launch/lib/python3.12/site-packages:/home/theo/pyclops/ros_ws/build/pyclops_controller:/opt/ros/jazzy/lib/python3.12/site-packages /usr/bin/python3 -W ignore:setup.py install is deprecated -W ignore:easy_install command is deprecated setup.py egg_info --egg-base ../../build/pyclops_launch build --build-base /home/theo/pyclops/ros_ws/build/pyclops_launch/build install --record /home/theo/pyclops/ros_ws/build/pyclops_launch/install.log --single-version-externally-managed install_data
