running egg_info
creating ../build/pyclops_launch/pyclops_launch.egg-info
writing ../build/pyclops_launch/pyclops_launch.egg-info/PKG-INFO
writing dependency_links to ../build/pyclops_launch/pyclops_launch.egg-info/dependency_links.txt
writing requirements to ../build/pyclops_launch/pyclops_launch.egg-info/requires.txt
writing top-level names to ../build/pyclops_launch/pyclops_launch.egg-info/top_level.txt
writing manifest file '../build/pyclops_launch/pyclops_launch.egg-info/SOURCES.txt'
reading manifest file '../build/pyclops_launch/pyclops_launch.egg-info/SOURCES.txt'
writing manifest file '../build/pyclops_launch/pyclops_launch.egg-info/SOURCES.txt'
running build
running build_py
creating /home/theo/pyclops/ros_ws/src/build/pyclops_launch/build
creating /home/theo/pyclops/ros_ws/src/build/pyclops_launch/build/lib
creating /home/theo/pyclops/ros_ws/src/build/pyclops_launch/build/lib/pyclops_launch
copying pyclops_launch/__init__.py -> /home/theo/pyclops/ros_ws/src/build/pyclops_launch/build/lib/pyclops_launch
copying pyclops_launch/launch.py -> /home/theo/pyclops/ros_ws/src/build/pyclops_launch/build/lib/pyclops_launch
running install
running install_lib
creating /home/theo/pyclops/ros_ws/src/install/pyclops_launch/lib/python3.12/site-packages/pyclops_launch
copying /home/theo/pyclops/ros_ws/src/build/pyclops_launch/build/lib/pyclops_launch/__init__.py -> /home/theo/pyclops/ros_ws/src/install/pyclops_launch/lib/python3.12/site-packages/pyclops_launch
copying /home/theo/pyclops/ros_ws/src/build/pyclops_launch/build/lib/pyclops_launch/launch.py -> /home/theo/pyclops/ros_ws/src/install/pyclops_launch/lib/python3.12/site-packages/pyclops_launch
byte-compiling /home/theo/pyclops/ros_ws/src/install/pyclops_launch/lib/python3.12/site-packages/pyclops_launch/__init__.py to __init__.cpython-312.pyc
byte-compiling /home/theo/pyclops/ros_ws/src/install/pyclops_launch/lib/python3.12/site-packages/pyclops_launch/launch.py to launch.cpython-312.pyc
running install_data
creating /home/theo/pyclops/ros_ws/src/install/pyclops_launch/share/ament_index
creating /home/theo/pyclops/ros_ws/src/install/pyclops_launch/share/ament_index/resource_index
creating /home/theo/pyclops/ros_ws/src/install/pyclops_launch/share/ament_index/resource_index/packages
copying resource/pyclops_launch -> /home/theo/pyclops/ros_ws/src/install/pyclops_launch/share/ament_index/resource_index/packages
copying package.xml -> /home/theo/pyclops/ros_ws/src/install/pyclops_launch/share/pyclops_launch
running install_egg_info
Copying ../build/pyclops_launch/pyclops_launch.egg-info to /home/theo/pyclops/ros_ws/src/install/pyclops_launch/lib/python3.12/site-packages/pyclops_launch-0.0.0-py3.12.egg-info
running install_scripts
writing list of installed files to '/home/theo/pyclops/ros_ws/src/build/pyclops_launch/install.log'
