running develop
Removing /home/theo/pyclops/ros_ws/install/pyclops_launch/lib/python3.12/site-packages/pyclops-launch.egg-link (link to .)
running egg_info
writing ../../build/pyclops_launch/pyclops_launch.egg-info/PKG-INFO
writing dependency_links to ../../build/pyclops_launch/pyclops_launch.egg-info/dependency_links.txt
writing requirements to ../../build/pyclops_launch/pyclops_launch.egg-info/requires.txt
writing top-level names to ../../build/pyclops_launch/pyclops_launch.egg-info/top_level.txt
reading manifest file '../../build/pyclops_launch/pyclops_launch.egg-info/SOURCES.txt'
writing manifest file '../../build/pyclops_launch/pyclops_launch.egg-info/SOURCES.txt'
running build
running build_py
running install
running install_lib
copying /home/theo/pyclops/ros_ws/build/pyclops_launch/build/lib/pyclops_launch/__init__.py -> /home/theo/pyclops/ros_ws/install/pyclops_launch/lib/python3.12/site-packages/pyclops_launch
byte-compiling /home/theo/pyclops/ros_ws/install/pyclops_launch/lib/python3.12/site-packages/pyclops_launch/__init__.py to __init__.cpython-312.pyc
running install_data
copying resource/pyclops_launch -> /home/theo/pyclops/ros_ws/install/pyclops_launch/share/ament_index/resource_index/packages
copying package.xml -> /home/theo/pyclops/ros_ws/install/pyclops_launch/share/pyclops_launch
copying launch/pyclops.launch.py -> /home/theo/pyclops/ros_ws/install/pyclops_launch/share/pyclops_launch/launch
running install_egg_info
Copying ../../build/pyclops_launch/pyclops_launch.egg-info to /home/theo/pyclops/ros_ws/install/pyclops_launch/lib/python3.12/site-packages/pyclops_launch-0.0.0-py3.12.egg-info
running install_scripts
writing list of installed files to '/home/theo/pyclops/ros_ws/build/pyclops_launch/install.log'
