[0.359s] Invoking command in '/home/theo/pyclops/ros_ws/src/pyclops_controller': CONDA_PROMPT_MODIFIER=(base) DEBUGINFOD_URLS=https://debuginfod.ubuntu.com PYTHONPATH=/home/theo/pyclops/ros_ws/build/pyclops_controller/prefix_override:/usr/lib/python3/dist-packages/colcon_core/task/python/colcon_distutils_commands:/home/theo/pyclops/ros_ws/install/pyclops_controller/lib/python3.12/site-packages:${PYTHONPATH} /usr/bin/python3 -W ignore:setup.py install is deprecated -W ignore:easy_install command is deprecated setup.py egg_info --egg-base ../../build/pyclops_controller build --build-base /home/theo/pyclops/ros_ws/build/pyclops_controller/build install --record /home/theo/pyclops/ros_ws/build/pyclops_controller/install.log --single-version-externally-managed install_data
[0.445s] running egg_info
[0.451s] writing ../../build/pyclops_controller/pyclops_controller.egg-info/PKG-INFO
[0.451s] writing dependency_links to ../../build/pyclops_controller/pyclops_controller.egg-info/dependency_links.txt
[0.451s] writing entry points to ../../build/pyclops_controller/pyclops_controller.egg-info/entry_points.txt
[0.451s] writing requirements to ../../build/pyclops_controller/pyclops_controller.egg-info/requires.txt
[0.451s] writing top-level names to ../../build/pyclops_controller/pyclops_controller.egg-info/top_level.txt
[0.463s] reading manifest file '../../build/pyclops_controller/pyclops_controller.egg-info/SOURCES.txt'
[0.463s] writing manifest file '../../build/pyclops_controller/pyclops_controller.egg-info/SOURCES.txt'
[0.463s] running build
[0.463s] running build_py
[0.463s] running install
[0.466s] running install_lib
[0.472s] running install_data
[0.472s] running install_egg_info
[0.478s] removing '/home/theo/pyclops/ros_ws/install/pyclops_controller/lib/python3.12/site-packages/pyclops_controller-0.0.0-py3.12.egg-info' (and everything under it)
[0.478s] Copying ../../build/pyclops_controller/pyclops_controller.egg-info to /home/theo/pyclops/ros_ws/install/pyclops_controller/lib/python3.12/site-packages/pyclops_controller-0.0.0-py3.12.egg-info
[0.478s] running install_scripts
[0.523s] Installing drive_node script to /home/theo/pyclops/ros_ws/install/pyclops_controller/lib/pyclops_controller
[0.523s] Installing teleop_node script to /home/theo/pyclops/ros_ws/install/pyclops_controller/lib/pyclops_controller
[0.523s] writing list of installed files to '/home/theo/pyclops/ros_ws/build/pyclops_controller/install.log'
[0.544s] Invoked command in '/home/theo/pyclops/ros_ws/src/pyclops_controller' returned '0': CONDA_PROMPT_MODIFIER=(base) DEBUGINFOD_URLS=https://debuginfod.ubuntu.com PYTHONPATH=/home/theo/pyclops/ros_ws/build/pyclops_controller/prefix_override:/usr/lib/python3/dist-packages/colcon_core/task/python/colcon_distutils_commands:/home/theo/pyclops/ros_ws/install/pyclops_controller/lib/python3.12/site-packages:${PYTHONPATH} /usr/bin/python3 -W ignore:setup.py install is deprecated -W ignore:easy_install command is deprecated setup.py egg_info --egg-base ../../build/pyclops_controller build --build-base /home/theo/pyclops/ros_ws/build/pyclops_controller/build install --record /home/theo/pyclops/ros_ws/build/pyclops_controller/install.log --single-version-externally-managed install_data
