[0.362s] Invoking command in '/home/theo/pyclops/ros_ws/build/robot_description': CONDA_PROMPT_MODIFIER=(base) DEBUGINFOD_URLS=https://debuginfod.ubuntu.com PYTHONPATH=/home/theo/pyclops/ros_ws/build/robot_description/prefix_override:/usr/lib/python3/dist-packages/colcon_core/task/python/colcon_distutils_commands:/home/theo/pyclops/ros_ws/install/robot_description/lib/python3.12/site-packages:${PYTHONPATH} /usr/bin/python3 -W ignore:setup.py install is deprecated -W ignore:easy_install command is deprecated setup.py develop --uninstall --editable --build-directory /home/theo/pyclops/ros_ws/build/robot_description/build
[0.464s] running develop
[0.523s] Removing /home/theo/pyclops/ros_ws/install/robot_description/lib/python3.12/site-packages/robot-description.egg-link (link to .)
[0.546s] Invoked command in '/home/theo/pyclops/ros_ws/build/robot_description' returned '0': CONDA_PROMPT_MODIFIER=(base) DEBUGINFOD_URLS=https://debuginfod.ubuntu.com PYTHONPATH=/home/theo/pyclops/ros_ws/build/robot_description/prefix_override:/usr/lib/python3/dist-packages/colcon_core/task/python/colcon_distutils_commands:/home/theo/pyclops/ros_ws/install/robot_description/lib/python3.12/site-packages:${PYTHONPATH} /usr/bin/python3 -W ignore:setup.py install is deprecated -W ignore:easy_install command is deprecated setup.py develop --uninstall --editable --build-directory /home/theo/pyclops/ros_ws/build/robot_description/build
[0.546s] Invoking command in '/home/theo/pyclops/ros_ws/src/robot_description': CONDA_PROMPT_MODIFIER=(base) DEBUGINFOD_URLS=https://debuginfod.ubuntu.com PYTHONPATH=/home/theo/pyclops/ros_ws/build/robot_description/prefix_override:/usr/lib/python3/dist-packages/colcon_core/task/python/colcon_distutils_commands:/home/theo/pyclops/ros_ws/install/robot_description/lib/python3.12/site-packages:${PYTHONPATH} /usr/bin/python3 -W ignore:setup.py install is deprecated -W ignore:easy_install command is deprecated setup.py egg_info --egg-base ../../build/robot_description build --build-base /home/theo/pyclops/ros_ws/build/robot_description/build install --record /home/theo/pyclops/ros_ws/build/robot_description/install.log --single-version-externally-managed install_data --force
[0.637s] running egg_info
[0.642s] writing ../../build/robot_description/robot_description.egg-info/PKG-INFO
[0.642s] writing dependency_links to ../../build/robot_description/robot_description.egg-info/dependency_links.txt
[0.642s] writing requirements to ../../build/robot_description/robot_description.egg-info/requires.txt
[0.642s] writing top-level names to ../../build/robot_description/robot_description.egg-info/top_level.txt
[0.654s] reading manifest file '../../build/robot_description/robot_description.egg-info/SOURCES.txt'
[0.654s] writing manifest file '../../build/robot_description/robot_description.egg-info/SOURCES.txt'
[0.654s] running build
[0.654s] running build_py
[0.655s] running install
[0.657s] running install_lib
[0.663s] creating /home/theo/pyclops/ros_ws/install/robot_description/lib/python3.12/site-packages/robot_description
[0.663s] copying /home/theo/pyclops/ros_ws/build/robot_description/build/lib/robot_description/__init__.py -> /home/theo/pyclops/ros_ws/install/robot_description/lib/python3.12/site-packages/robot_description
[0.663s] byte-compiling /home/theo/pyclops/ros_ws/install/robot_description/lib/python3.12/site-packages/robot_description/__init__.py to __init__.cpython-312.pyc
[0.663s] running install_data
[0.663s] copying resource/robot_description -> /home/theo/pyclops/ros_ws/install/robot_description/share/ament_index/resource_index/packages
[0.663s] copying package.xml -> /home/theo/pyclops/ros_ws/install/robot_description/share/robot_description
[0.664s] copying urdf/robot.urdf -> /home/theo/pyclops/ros_ws/install/robot_description/share/robot_description/urdf
[0.664s] copying assets/body.stl -> /home/theo/pyclops/ros_ws/install/robot_description/share/robot_description/assets
[0.664s] copying assets/right_wheel.stl -> /home/theo/pyclops/ros_ws/install/robot_description/share/robot_description/assets
[0.664s] copying assets/left_wheel.stl -> /home/theo/pyclops/ros_ws/install/robot_description/share/robot_description/assets
[0.664s] running install_egg_info
[0.670s] Copying ../../build/robot_description/robot_description.egg-info to /home/theo/pyclops/ros_ws/install/robot_description/lib/python3.12/site-packages/robot_description-0.0.0-py3.12.egg-info
[0.671s] running install_scripts
[0.714s] writing list of installed files to '/home/theo/pyclops/ros_ws/build/robot_description/install.log'
[0.727s] Invoked command in '/home/theo/pyclops/ros_ws/src/robot_description' returned '0': CONDA_PROMPT_MODIFIER=(base) DEBUGINFOD_URLS=https://debuginfod.ubuntu.com PYTHONPATH=/home/theo/pyclops/ros_ws/build/robot_description/prefix_override:/usr/lib/python3/dist-packages/colcon_core/task/python/colcon_distutils_commands:/home/theo/pyclops/ros_ws/install/robot_description/lib/python3.12/site-packages:${PYTHONPATH} /usr/bin/python3 -W ignore:setup.py install is deprecated -W ignore:easy_install command is deprecated setup.py egg_info --egg-base ../../build/robot_description build --build-base /home/theo/pyclops/ros_ws/build/robot_description/build install --record /home/theo/pyclops/ros_ws/build/robot_description/install.log --single-version-externally-managed install_data --force
