[0.343s] Invoking command in '/home/theo/pyclops/ros_ws/build/pyclops_controller': CONDA_PROMPT_MODIFIER=(base) DEBUGINFOD_URLS=https://debuginfod.ubuntu.com PYTHONPATH=/home/theo/pyclops/ros_ws/build/pyclops_controller/prefix_override:/usr/lib/python3/dist-packages/colcon_core/task/python/colcon_distutils_commands:/home/theo/pyclops/ros_ws/install/pyclops_controller/lib/python3.12/site-packages:${PYTHONPATH} /usr/bin/python3 -W ignore:setup.py install is deprecated -W ignore:easy_install command is deprecated setup.py develop --uninstall --editable --build-directory /home/theo/pyclops/ros_ws/build/pyclops_controller/build
[0.442s] running develop
[0.502s] Removing /home/theo/pyclops/ros_ws/install/pyclops_controller/lib/python3.12/site-packages/pyclops-controller.egg-link (link to .)
[0.518s] Invoked command in '/home/theo/pyclops/ros_ws/build/pyclops_controller' returned '0': CONDA_PROMPT_MODIFIER=(base) DEBUGINFOD_URLS=https://debuginfod.ubuntu.com PYTHONPATH=/home/theo/pyclops/ros_ws/build/pyclops_controller/prefix_override:/usr/lib/python3/dist-packages/colcon_core/task/python/colcon_distutils_commands:/home/theo/pyclops/ros_ws/install/pyclops_controller/lib/python3.12/site-packages:${PYTHONPATH} /usr/bin/python3 -W ignore:setup.py install is deprecated -W ignore:easy_install command is deprecated setup.py develop --uninstall --editable --build-directory /home/theo/pyclops/ros_ws/build/pyclops_controller/build
[0.518s] Invoking command in '/home/theo/pyclops/ros_ws/src/pyclops_controller': CONDA_PROMPT_MODIFIER=(base) DEBUGINFOD_URLS=https://debuginfod.ubuntu.com PYTHONPATH=/home/theo/pyclops/ros_ws/build/pyclops_controller/prefix_override:/usr/lib/python3/dist-packages/colcon_core/task/python/colcon_distutils_commands:/home/theo/pyclops/ros_ws/install/pyclops_controller/lib/python3.12/site-packages:${PYTHONPATH} /usr/bin/python3 -W ignore:setup.py install is deprecated -W ignore:easy_install command is deprecated setup.py egg_info --egg-base ../../build/pyclops_controller build --build-base /home/theo/pyclops/ros_ws/build/pyclops_controller/build install --record /home/theo/pyclops/ros_ws/build/pyclops_controller/install.log --single-version-externally-managed install_data --force
[0.605s] running egg_info
[0.611s] writing ../../build/pyclops_controller/pyclops_controller.egg-info/PKG-INFO
[0.611s] writing dependency_links to ../../build/pyclops_controller/pyclops_controller.egg-info/dependency_links.txt
[0.611s] writing entry points to ../../build/pyclops_controller/pyclops_controller.egg-info/entry_points.txt
[0.611s] writing requirements to ../../build/pyclops_controller/pyclops_controller.egg-info/requires.txt
[0.611s] writing top-level names to ../../build/pyclops_controller/pyclops_controller.egg-info/top_level.txt
[0.622s] reading manifest file '../../build/pyclops_controller/pyclops_controller.egg-info/SOURCES.txt'
[0.622s] writing manifest file '../../build/pyclops_controller/pyclops_controller.egg-info/SOURCES.txt'
[0.622s] running build
[0.622s] running build_py
[0.622s] copying pyclops_controller/manual_steering_node.py -> /home/theo/pyclops/ros_ws/build/pyclops_controller/build/lib/pyclops_controller
[0.623s] copying pyclops_controller/drive_controller_node.py -> /home/theo/pyclops/ros_ws/build/pyclops_controller/build/lib/pyclops_controller
[0.623s] running install
[0.625s] running install_lib
[0.631s] copying /home/theo/pyclops/ros_ws/build/pyclops_controller/build/lib/pyclops_controller/__init__.py -> /home/theo/pyclops/ros_ws/install/pyclops_controller/lib/python3.12/site-packages/pyclops_controller
[0.631s] copying /home/theo/pyclops/ros_ws/build/pyclops_controller/build/lib/pyclops_controller/manual_steering_node.py -> /home/theo/pyclops/ros_ws/install/pyclops_controller/lib/python3.12/site-packages/pyclops_controller
[0.631s] copying /home/theo/pyclops/ros_ws/build/pyclops_controller/build/lib/pyclops_controller/drive_controller_node.py -> /home/theo/pyclops/ros_ws/install/pyclops_controller/lib/python3.12/site-packages/pyclops_controller
[0.631s] byte-compiling /home/theo/pyclops/ros_ws/install/pyclops_controller/lib/python3.12/site-packages/pyclops_controller/__init__.py to __init__.cpython-312.pyc
[0.631s] byte-compiling /home/theo/pyclops/ros_ws/install/pyclops_controller/lib/python3.12/site-packages/pyclops_controller/manual_steering_node.py to manual_steering_node.cpython-312.pyc
[0.632s] byte-compiling /home/theo/pyclops/ros_ws/install/pyclops_controller/lib/python3.12/site-packages/pyclops_controller/drive_controller_node.py to drive_controller_node.cpython-312.pyc
[0.632s] running install_data
[0.632s] copying resource/pyclops_controller -> /home/theo/pyclops/ros_ws/install/pyclops_controller/share/ament_index/resource_index/packages
[0.632s] copying package.xml -> /home/theo/pyclops/ros_ws/install/pyclops_controller/share/pyclops_controller
[0.632s] running install_egg_info
[0.638s] Copying ../../build/pyclops_controller/pyclops_controller.egg-info to /home/theo/pyclops/ros_ws/install/pyclops_controller/lib/python3.12/site-packages/pyclops_controller-0.0.0-py3.12.egg-info
[0.638s] running install_scripts
[0.680s] Installing drive_node script to /home/theo/pyclops/ros_ws/install/pyclops_controller/lib/pyclops_controller
[0.680s] Installing teleop_node script to /home/theo/pyclops/ros_ws/install/pyclops_controller/lib/pyclops_controller
[0.680s] writing list of installed files to '/home/theo/pyclops/ros_ws/build/pyclops_controller/install.log'
[0.697s] Invoked command in '/home/theo/pyclops/ros_ws/src/pyclops_controller' returned '0': CONDA_PROMPT_MODIFIER=(base) DEBUGINFOD_URLS=https://debuginfod.ubuntu.com PYTHONPATH=/home/theo/pyclops/ros_ws/build/pyclops_controller/prefix_override:/usr/lib/python3/dist-packages/colcon_core/task/python/colcon_distutils_commands:/home/theo/pyclops/ros_ws/install/pyclops_controller/lib/python3.12/site-packages:${PYTHONPATH} /usr/bin/python3 -W ignore:setup.py install is deprecated -W ignore:easy_install command is deprecated setup.py egg_info --egg-base ../../build/pyclops_controller build --build-base /home/theo/pyclops/ros_ws/build/pyclops_controller/build install --record /home/theo/pyclops/ros_ws/build/pyclops_controller/install.log --single-version-externally-managed install_data --force
