running develop
Removing /home/theo/pyclops/ros_ws/install/robot_description/lib/python3.12/site-packages/robot-description.egg-link (link to .)
running egg_info
writing ../../build/robot_description/robot_description.egg-info/PKG-INFO
writing dependency_links to ../../build/robot_description/robot_description.egg-info/dependency_links.txt
writing requirements to ../../build/robot_description/robot_description.egg-info/requires.txt
writing top-level names to ../../build/robot_description/robot_description.egg-info/top_level.txt
reading manifest file '../../build/robot_description/robot_description.egg-info/SOURCES.txt'
writing manifest file '../../build/robot_description/robot_description.egg-info/SOURCES.txt'
running build
running build_py
running install
running install_lib
creating /home/theo/pyclops/ros_ws/install/robot_description/lib/python3.12/site-packages/robot_description
copying /home/theo/pyclops/ros_ws/build/robot_description/build/lib/robot_description/__init__.py -> /home/theo/pyclops/ros_ws/install/robot_description/lib/python3.12/site-packages/robot_description
byte-compiling /home/theo/pyclops/ros_ws/install/robot_description/lib/python3.12/site-packages/robot_description/__init__.py to __init__.cpython-312.pyc
running install_data
copying resource/robot_description -> /home/theo/pyclops/ros_ws/install/robot_description/share/ament_index/resource_index/packages
copying package.xml -> /home/theo/pyclops/ros_ws/install/robot_description/share/robot_description
copying urdf/robot.urdf -> /home/theo/pyclops/ros_ws/install/robot_description/share/robot_description/urdf
copying assets/body.stl -> /home/theo/pyclops/ros_ws/install/robot_description/share/robot_description/assets
copying assets/right_wheel.stl -> /home/theo/pyclops/ros_ws/install/robot_description/share/robot_description/assets
copying assets/left_wheel.stl -> /home/theo/pyclops/ros_ws/install/robot_description/share/robot_description/assets
running install_egg_info
Copying ../../build/robot_description/robot_description.egg-info to /home/theo/pyclops/ros_ws/install/robot_description/lib/python3.12/site-packages/robot_description-0.0.0-py3.12.egg-info
running install_scripts
writing list of installed files to '/home/theo/pyclops/ros_ws/build/robot_description/install.log'
