running egg_info
creating ../build/pyclops_controller/pyclops_controller.egg-info
writing ../build/pyclops_controller/pyclops_controller.egg-info/PKG-INFO
writing dependency_links to ../build/pyclops_controller/pyclops_controller.egg-info/dependency_links.txt
writing entry points to ../build/pyclops_controller/pyclops_controller.egg-info/entry_points.txt
writing requirements to ../build/pyclops_controller/pyclops_controller.egg-info/requires.txt
writing top-level names to ../build/pyclops_controller/pyclops_controller.egg-info/top_level.txt
writing manifest file '../build/pyclops_controller/pyclops_controller.egg-info/SOURCES.txt'
reading manifest file '../build/pyclops_controller/pyclops_controller.egg-info/SOURCES.txt'
writing manifest file '../build/pyclops_controller/pyclops_controller.egg-info/SOURCES.txt'
running build
running build_py
creating /home/theo/pyclops/ros_ws/src/build/pyclops_controller/build
creating /home/theo/pyclops/ros_ws/src/build/pyclops_controller/build/lib
creating /home/theo/pyclops/ros_ws/src/build/pyclops_controller/build/lib/pyclops_controller
copying pyclops_controller/__init__.py -> /home/theo/pyclops/ros_ws/src/build/pyclops_controller/build/lib/pyclops_controller
running install
running install_lib
creating /home/theo/pyclops/ros_ws/src/install/pyclops_controller/lib/python3.12/site-packages/pyclops_controller
copying /home/theo/pyclops/ros_ws/src/build/pyclops_controller/build/lib/pyclops_controller/__init__.py -> /home/theo/pyclops/ros_ws/src/install/pyclops_controller/lib/python3.12/site-packages/pyclops_controller
byte-compiling /home/theo/pyclops/ros_ws/src/install/pyclops_controller/lib/python3.12/site-packages/pyclops_controller/__init__.py to __init__.cpython-312.pyc
running install_data
creating /home/theo/pyclops/ros_ws/src/install/pyclops_controller/share/ament_index
creating /home/theo/pyclops/ros_ws/src/install/pyclops_controller/share/ament_index/resource_index
creating /home/theo/pyclops/ros_ws/src/install/pyclops_controller/share/ament_index/resource_index/packages
copying resource/pyclops_controller -> /home/theo/pyclops/ros_ws/src/install/pyclops_controller/share/ament_index/resource_index/packages
copying package.xml -> /home/theo/pyclops/ros_ws/src/install/pyclops_controller/share/pyclops_controller
running install_egg_info
Copying ../build/pyclops_controller/pyclops_controller.egg-info to /home/theo/pyclops/ros_ws/src/install/pyclops_controller/lib/python3.12/site-packages/pyclops_controller-0.0.0-py3.12.egg-info
running install_scripts
Installing test_node script to /home/theo/pyclops/ros_ws/src/install/pyclops_controller/lib/pyclops_controller
writing list of installed files to '/home/theo/pyclops/ros_ws/src/build/pyclops_controller/install.log'
