[0.245s] Invoking command in '/home/theo/pyclops/ros_ws/src/pyclops_controller': DEBUGINFOD_URLS=https://debuginfod.ubuntu.com PYTHONPATH=/home/theo/pyclops/ros_ws/build/pyclops_controller/prefix_override:/usr/lib/python3/dist-packages/colcon_core/task/python/colcon_distutils_commands:/home/theo/pyclops/ros_ws/install/pyclops_controller/lib/python3.12/site-packages:${PYTHONPATH} /usr/bin/python3 -W ignore:setup.py install is deprecated -W ignore:easy_install command is deprecated setup.py egg_info --egg-base ../../build/pyclops_controller build --build-base /home/theo/pyclops/ros_ws/build/pyclops_controller/build install --record /home/theo/pyclops/ros_ws/build/pyclops_controller/install.log --single-version-externally-managed install_data
[0.325s] running egg_info
[0.331s] writing ../../build/pyclops_controller/pyclops_controller.egg-info/PKG-INFO
[0.331s] writing dependency_links to ../../build/pyclops_controller/pyclops_controller.egg-info/dependency_links.txt
[0.331s] writing entry points to ../../build/pyclops_controller/pyclops_controller.egg-info/entry_points.txt
[0.331s] writing requirements to ../../build/pyclops_controller/pyclops_controller.egg-info/requires.txt
[0.331s] writing top-level names to ../../build/pyclops_controller/pyclops_controller.egg-info/top_level.txt
[0.341s] reading manifest file '../../build/pyclops_controller/pyclops_controller.egg-info/SOURCES.txt'
[0.342s] writing manifest file '../../build/pyclops_controller/pyclops_controller.egg-info/SOURCES.txt'
[0.342s] running build
[0.342s] running build_py
[0.342s] copying pyclops_controller/my_first_node.py -> /home/theo/pyclops/ros_ws/build/pyclops_controller/build/lib/pyclops_controller
[0.342s] running install
[0.344s] running install_lib
[0.350s] copying /home/theo/pyclops/ros_ws/build/pyclops_controller/build/lib/pyclops_controller/my_first_node.py -> /home/theo/pyclops/ros_ws/install/pyclops_controller/lib/python3.12/site-packages/pyclops_controller
[0.350s] byte-compiling /home/theo/pyclops/ros_ws/install/pyclops_controller/lib/python3.12/site-packages/pyclops_controller/my_first_node.py to my_first_node.cpython-312.pyc
[0.350s] running install_data
[0.350s] running install_egg_info
[0.356s] removing '/home/theo/pyclops/ros_ws/install/pyclops_controller/lib/python3.12/site-packages/pyclops_controller-0.0.0-py3.12.egg-info' (and everything under it)
[0.356s] Copying ../../build/pyclops_controller/pyclops_controller.egg-info to /home/theo/pyclops/ros_ws/install/pyclops_controller/lib/python3.12/site-packages/pyclops_controller-0.0.0-py3.12.egg-info
[0.356s] running install_scripts
[0.394s] Installing test_node script to /home/theo/pyclops/ros_ws/install/pyclops_controller/lib/pyclops_controller
[0.395s] writing list of installed files to '/home/theo/pyclops/ros_ws/build/pyclops_controller/install.log'
[0.407s] Invoked command in '/home/theo/pyclops/ros_ws/src/pyclops_controller' returned '0': DEBUGINFOD_URLS=https://debuginfod.ubuntu.com PYTHONPATH=/home/theo/pyclops/ros_ws/build/pyclops_controller/prefix_override:/usr/lib/python3/dist-packages/colcon_core/task/python/colcon_distutils_commands:/home/theo/pyclops/ros_ws/install/pyclops_controller/lib/python3.12/site-packages:${PYTHONPATH} /usr/bin/python3 -W ignore:setup.py install is deprecated -W ignore:easy_install command is deprecated setup.py egg_info --egg-base ../../build/pyclops_controller build --build-base /home/theo/pyclops/ros_ws/build/pyclops_controller/build install --record /home/theo/pyclops/ros_ws/build/pyclops_controller/install.log --single-version-externally-managed install_data
