[0.352s] Invoking command in '/home/theo/pyclops/ros_ws/src/robot_description': CONDA_PROMPT_MODIFIER=(base) DEBUGINFOD_URLS=https://debuginfod.ubuntu.com PYTHONPATH=/home/theo/pyclops/ros_ws/build/robot_description/prefix_override:/usr/lib/python3/dist-packages/colcon_core/task/python/colcon_distutils_commands:/home/theo/pyclops/ros_ws/install/robot_description/lib/python3.12/site-packages:${PYTHONPATH} /usr/bin/python3 -W ignore:setup.py install is deprecated -W ignore:easy_install command is deprecated setup.py egg_info --egg-base ../../build/robot_description build --build-base /home/theo/pyclops/ros_ws/build/robot_description/build install --record /home/theo/pyclops/ros_ws/build/robot_description/install.log --single-version-externally-managed install_data
[0.438s] running egg_info
[0.443s] writing ../../build/robot_description/robot_description.egg-info/PKG-INFO
[0.443s] writing dependency_links to ../../build/robot_description/robot_description.egg-info/dependency_links.txt
[0.443s] writing requirements to ../../build/robot_description/robot_description.egg-info/requires.txt
[0.444s] writing top-level names to ../../build/robot_description/robot_description.egg-info/top_level.txt
[0.455s] reading manifest file '../../build/robot_description/robot_description.egg-info/SOURCES.txt'
[0.456s] writing manifest file '../../build/robot_description/robot_description.egg-info/SOURCES.txt'
[0.456s] running build
[0.456s] running build_py
[0.456s] running install
[0.458s] running install_lib
[0.464s] running install_data
[0.464s] copying urdf/robot.urdf -> /home/theo/pyclops/ros_ws/install/robot_description/share/robot_description/urdf
[0.464s] running install_egg_info
[0.470s] removing '/home/theo/pyclops/ros_ws/install/robot_description/lib/python3.12/site-packages/robot_description-0.0.0-py3.12.egg-info' (and everything under it)
[0.470s] Copying ../../build/robot_description/robot_description.egg-info to /home/theo/pyclops/ros_ws/install/robot_description/lib/python3.12/site-packages/robot_description-0.0.0-py3.12.egg-info
[0.470s] running install_scripts
[0.515s] writing list of installed files to '/home/theo/pyclops/ros_ws/build/robot_description/install.log'
[0.612s] Invoked command in '/home/theo/pyclops/ros_ws/src/robot_description' returned '0': CONDA_PROMPT_MODIFIER=(base) DEBUGINFOD_URLS=https://debuginfod.ubuntu.com PYTHONPATH=/home/theo/pyclops/ros_ws/build/robot_description/prefix_override:/usr/lib/python3/dist-packages/colcon_core/task/python/colcon_distutils_commands:/home/theo/pyclops/ros_ws/install/robot_description/lib/python3.12/site-packages:${PYTHONPATH} /usr/bin/python3 -W ignore:setup.py install is deprecated -W ignore:easy_install command is deprecated setup.py egg_info --egg-base ../../build/robot_description build --build-base /home/theo/pyclops/ros_ws/build/robot_description/build install --record /home/theo/pyclops/ros_ws/build/robot_description/install.log --single-version-externally-managed install_data
