[0.366s] Invoking command in '/home/theo/pyclops/ros_ws/src/robot_description': CONDA_PROMPT_MODIFIER=(base) DEBUGINFOD_URLS=https://debuginfod.ubuntu.com PYTHONPATH=/home/theo/pyclops/ros_ws/build/robot_description/prefix_override:/usr/lib/python3/dist-packages/colcon_core/task/python/colcon_distutils_commands:/home/theo/pyclops/ros_ws/install/robot_description/lib/python3.12/site-packages:${PYTHONPATH} /usr/bin/python3 -W ignore:setup.py install is deprecated -W ignore:easy_install command is deprecated setup.py egg_info --egg-base ../../build/robot_description build --build-base /home/theo/pyclops/ros_ws/build/robot_description/build install --record /home/theo/pyclops/ros_ws/build/robot_description/install.log --single-version-externally-managed install_data
[0.451s] running egg_info
[0.451s] creating ../../build/robot_description/robot_description.egg-info
[0.457s] writing ../../build/robot_description/robot_description.egg-info/PKG-INFO
[0.457s] writing dependency_links to ../../build/robot_description/robot_description.egg-info/dependency_links.txt
[0.457s] writing requirements to ../../build/robot_description/robot_description.egg-info/requires.txt
[0.457s] writing top-level names to ../../build/robot_description/robot_description.egg-info/top_level.txt
[0.458s] writing manifest file '../../build/robot_description/robot_description.egg-info/SOURCES.txt'
[0.469s] reading manifest file '../../build/robot_description/robot_description.egg-info/SOURCES.txt'
[0.470s] writing manifest file '../../build/robot_description/robot_description.egg-info/SOURCES.txt'
[0.470s] running build
[0.470s] running build_py
[0.470s] creating /home/theo/pyclops/ros_ws/build/robot_description/build
[0.470s] creating /home/theo/pyclops/ros_ws/build/robot_description/build/lib
[0.470s] creating /home/theo/pyclops/ros_ws/build/robot_description/build/lib/robot_description
[0.470s] copying robot_description/__init__.py -> /home/theo/pyclops/ros_ws/build/robot_description/build/lib/robot_description
[0.470s] running install
[0.472s] running install_lib
[0.478s] creating /home/theo/pyclops/ros_ws/install/robot_description/lib/python3.12/site-packages/robot_description
[0.478s] copying /home/theo/pyclops/ros_ws/build/robot_description/build/lib/robot_description/__init__.py -> /home/theo/pyclops/ros_ws/install/robot_description/lib/python3.12/site-packages/robot_description
[0.478s] byte-compiling /home/theo/pyclops/ros_ws/install/robot_description/lib/python3.12/site-packages/robot_description/__init__.py to __init__.cpython-312.pyc
[0.478s] running install_data
[0.479s] error: can't copy 'resource/robot_description': doesn't exist or not a regular file
[0.479s] creating /home/theo/pyclops/ros_ws/install/robot_description/share/ament_index
[0.479s] creating /home/theo/pyclops/ros_ws/install/robot_description/share/ament_index/resource_index
[0.479s] creating /home/theo/pyclops/ros_ws/install/robot_description/share/ament_index/resource_index/packages
[0.488s] Invoked command in '/home/theo/pyclops/ros_ws/src/robot_description' returned '1': CONDA_PROMPT_MODIFIER=(base) DEBUGINFOD_URLS=https://debuginfod.ubuntu.com PYTHONPATH=/home/theo/pyclops/ros_ws/build/robot_description/prefix_override:/usr/lib/python3/dist-packages/colcon_core/task/python/colcon_distutils_commands:/home/theo/pyclops/ros_ws/install/robot_description/lib/python3.12/site-packages:${PYTHONPATH} /usr/bin/python3 -W ignore:setup.py install is deprecated -W ignore:easy_install command is deprecated setup.py egg_info --egg-base ../../build/robot_description build --build-base /home/theo/pyclops/ros_ws/build/robot_description/build install --record /home/theo/pyclops/ros_ws/build/robot_description/install.log --single-version-externally-managed install_data
