[0.296s] Invoking command in '/home/theo/pyclops/ros_ws/build/pyclops_launch': AMENT_PREFIX_PATH=/home/theo/pyclops/ros_ws/install/pyclops_controller:/home/theo/pyclops/ros_ws/install/robot_description:/home/theo/pyclops/ros_ws/install/pyclops_launch:/opt/ros/jazzy CONDA_PROMPT_MODIFIER=(base) DEBUGINFOD_URLS=https://debuginfod.ubuntu.com PYTHONPATH=/home/theo/pyclops/ros_ws/build/pyclops_launch/prefix_override:/usr/lib/python3/dist-packages/colcon_core/task/python/colcon_distutils_commands:/home/theo/pyclops/ros_ws/install/pyclops_launch/lib/python3.12/site-packages:/home/theo/pyclops/ros_ws/build/pyclops_controller:/home/theo/pyclops/ros_ws/install/pyclops_controller/lib/python3.12/site-packages:/home/theo/pyclops/ros_ws/build/robot_description:/home/theo/pyclops/ros_ws/build/pyclops_launch:/home/theo/pyclops/ros_ws/install/robot_description/lib/python3.12/site-packages:/home/theo/pyclops/ros_ws/install/pyclops_launch/lib/python3.12/site-packages:/opt/ros/jazzy/lib/python3.12/site-packages /usr/bin/python3 -W ignore:setup.py install is deprecated -W ignore:easy_install command is deprecated setup.py develop --editable --build-directory /home/theo/pyclops/ros_ws/build/pyclops_launch/build --no-deps symlink_data
[0.412s] running develop
[0.477s] running egg_info
[0.477s] creating pyclops_launch.egg-info
[0.483s] writing pyclops_launch.egg-info/PKG-INFO
[0.484s] writing dependency_links to pyclops_launch.egg-info/dependency_links.txt
[0.484s] writing requirements to pyclops_launch.egg-info/requires.txt
[0.484s] writing top-level names to pyclops_launch.egg-info/top_level.txt
[0.484s] writing manifest file 'pyclops_launch.egg-info/SOURCES.txt'
[0.497s] reading manifest file 'pyclops_launch.egg-info/SOURCES.txt'
[0.497s] writing manifest file 'pyclops_launch.egg-info/SOURCES.txt'
[0.504s] running build_ext
[0.504s] Creating /home/theo/pyclops/ros_ws/install/pyclops_launch/lib/python3.12/site-packages/pyclops-launch.egg-link (link to .)
[0.504s] 
[0.504s] Installed /home/theo/pyclops/ros_ws/build/pyclops_launch
[0.504s] running symlink_data
[0.504s] creating /home/theo/pyclops/ros_ws/install/pyclops_launch/share/ament_index
[0.504s] creating /home/theo/pyclops/ros_ws/install/pyclops_launch/share/ament_index/resource_index
[0.504s] creating /home/theo/pyclops/ros_ws/install/pyclops_launch/share/ament_index/resource_index/packages
[0.504s] symbolically linking /home/theo/pyclops/ros_ws/build/pyclops_launch/resource/pyclops_launch -> /home/theo/pyclops/ros_ws/install/pyclops_launch/share/ament_index/resource_index/packages
[0.505s] symbolically linking /home/theo/pyclops/ros_ws/build/pyclops_launch/package.xml -> /home/theo/pyclops/ros_ws/install/pyclops_launch/share/pyclops_launch
[0.505s] creating /home/theo/pyclops/ros_ws/install/pyclops_launch/share/pyclops_launch/launch
[0.505s] symbolically linking /home/theo/pyclops/ros_ws/build/pyclops_launch/launch/pyclops.launch.py -> /home/theo/pyclops/ros_ws/install/pyclops_launch/share/pyclops_launch/launch
[0.505s] symbolically linking /home/theo/pyclops/ros_ws/build/pyclops_launch/launch/rsp.launch.py -> /home/theo/pyclops/ros_ws/install/pyclops_launch/share/pyclops_launch/launch
[0.521s] Invoked command in '/home/theo/pyclops/ros_ws/build/pyclops_launch' returned '0': AMENT_PREFIX_PATH=/home/theo/pyclops/ros_ws/install/pyclops_controller:/home/theo/pyclops/ros_ws/install/robot_description:/home/theo/pyclops/ros_ws/install/pyclops_launch:/opt/ros/jazzy CONDA_PROMPT_MODIFIER=(base) DEBUGINFOD_URLS=https://debuginfod.ubuntu.com PYTHONPATH=/home/theo/pyclops/ros_ws/build/pyclops_launch/prefix_override:/usr/lib/python3/dist-packages/colcon_core/task/python/colcon_distutils_commands:/home/theo/pyclops/ros_ws/install/pyclops_launch/lib/python3.12/site-packages:/home/theo/pyclops/ros_ws/build/pyclops_controller:/home/theo/pyclops/ros_ws/install/pyclops_controller/lib/python3.12/site-packages:/home/theo/pyclops/ros_ws/build/robot_description:/home/theo/pyclops/ros_ws/build/pyclops_launch:/home/theo/pyclops/ros_ws/install/robot_description/lib/python3.12/site-packages:/home/theo/pyclops/ros_ws/install/pyclops_launch/lib/python3.12/site-packages:/opt/ros/jazzy/lib/python3.12/site-packages /usr/bin/python3 -W ignore:setup.py install is deprecated -W ignore:easy_install command is deprecated setup.py develop --editable --build-directory /home/theo/pyclops/ros_ws/build/pyclops_launch/build --no-deps symlink_data
